Component: ARM Compiler 5.06 update 7 (build 960) Tool: armlink [4d3601]

==============================================================================

Section Cross References

    startup_stm32l475xx.o(STACK) refers (Special) to heapauxi.o(.text) for __use_two_region_memory
    startup_stm32l475xx.o(HEAP) refers (Special) to heapauxi.o(.text) for __use_two_region_memory
    startup_stm32l475xx.o(RESET) refers (Special) to heapauxi.o(.text) for __use_two_region_memory
    startup_stm32l475xx.o(RESET) refers to startup_stm32l475xx.o(STACK) for __initial_sp
    startup_stm32l475xx.o(RESET) refers to startup_stm32l475xx.o(.text) for Reset_Handler
    startup_stm32l475xx.o(RESET) refers to stm32l4xx_it.o(i.NMI_Handler) for NMI_Handler
    startup_stm32l475xx.o(RESET) refers to stm32l4xx_it.o(i.HardFault_Handler) for HardFault_Handler
    startup_stm32l475xx.o(RESET) refers to stm32l4xx_it.o(i.MemManage_Handler) for MemManage_Handler
    startup_stm32l475xx.o(RESET) refers to stm32l4xx_it.o(i.BusFault_Handler) for BusFault_Handler
    startup_stm32l475xx.o(RESET) refers to stm32l4xx_it.o(i.UsageFault_Handler) for UsageFault_Handler
    startup_stm32l475xx.o(RESET) refers to stm32l4xx_it.o(i.SVC_Handler) for SVC_Handler
    startup_stm32l475xx.o(RESET) refers to stm32l4xx_it.o(i.DebugMon_Handler) for DebugMon_Handler
    startup_stm32l475xx.o(RESET) refers to stm32l4xx_it.o(i.PendSV_Handler) for PendSV_Handler
    startup_stm32l475xx.o(RESET) refers to stm32l4xx_it.o(i.SysTick_Handler) for SysTick_Handler
    startup_stm32l475xx.o(RESET) refers to exti.o(i.EXTI9_5_IRQHandler) for EXTI9_5_IRQHandler
    startup_stm32l475xx.o(RESET) refers to stm32l4xx_it.o(i.TIM1_UP_TIM16_IRQHandler) for TIM1_UP_TIM16_IRQHandler
    startup_stm32l475xx.o(RESET) refers to stm32l4xx_it.o(i.TIM1_TRG_COM_TIM17_IRQHandler) for TIM1_TRG_COM_TIM17_IRQHandler
    startup_stm32l475xx.o(RESET) refers to stm32l4xx_it.o(i.TIM6_DAC_IRQHandler) for TIM6_DAC_IRQHandler
    startup_stm32l475xx.o(RESET) refers to stm32l4xx_it.o(i.TIM7_IRQHandler) for TIM7_IRQHandler
    startup_stm32l475xx.o(.text) refers (Special) to heapauxi.o(.text) for __use_two_region_memory
    startup_stm32l475xx.o(.text) refers to system_stm32l4xx.o(i.SystemInit) for SystemInit
    startup_stm32l475xx.o(.text) refers to __main.o(!!!main) for __main
    startup_stm32l475xx.o(.text) refers to startup_stm32l475xx.o(HEAP) for Heap_Mem
    startup_stm32l475xx.o(.text) refers to startup_stm32l475xx.o(STACK) for Stack_Mem
    main.o(i.SystemClock_Config) refers to rt_memclr_w.o(.text) for __aeabi_memclr4
    main.o(i.SystemClock_Config) refers to stm32l4xx_hal_pwr_ex.o(i.HAL_PWREx_ControlVoltageScaling) for HAL_PWREx_ControlVoltageScaling
    main.o(i.SystemClock_Config) refers to stm32l4xx_hal_pwr.o(i.HAL_PWR_EnableBkUpAccess) for HAL_PWR_EnableBkUpAccess
    main.o(i.SystemClock_Config) refers to stm32l4xx_hal_rcc.o(i.HAL_RCC_OscConfig) for HAL_RCC_OscConfig
    main.o(i.SystemClock_Config) refers to stm32l4xx_hal_rcc.o(i.HAL_RCC_ClockConfig) for HAL_RCC_ClockConfig
    main.o(i.SystemClock_Config) refers to stm32l4xx_hal_rcc_ex.o(i.HAL_RCCEx_EnableMSIPLLMode) for HAL_RCCEx_EnableMSIPLLMode
    main.o(i.main) refers to stm32l4xx_hal.o(i.HAL_Init) for HAL_Init
    main.o(i.main) refers to main.o(i.SystemClock_Config) for SystemClock_Config
    main.o(i.main) refers to gpio.o(i.MX_GPIO_Init) for MX_GPIO_Init
    main.o(i.main) refers to adc.o(i.MX_ADC1_Init) for MX_ADC1_Init
    main.o(i.main) refers to i2c.o(i.MX_I2C1_Init) for MX_I2C1_Init
    main.o(i.main) refers to i2c.o(i.MX_I2C2_Init) for MX_I2C2_Init
    main.o(i.main) refers to quadspi.o(i.MX_QUADSPI_Init) for MX_QUADSPI_Init
    main.o(i.main) refers to tim.o(i.MX_TIM6_Init) for MX_TIM6_Init
    main.o(i.main) refers to tim.o(i.MX_TIM7_Init) for MX_TIM7_Init
    main.o(i.main) refers to tim.o(i.MX_TIM16_Init) for MX_TIM16_Init
    main.o(i.main) refers to tim.o(i.MX_TIM17_Init) for MX_TIM17_Init
    main.o(i.main) refers to usart.o(i.MX_USART3_Init) for MX_USART3_Init
    main.o(i.main) refers to key.o(i.KEY_Scan) for KEY_Scan
    main.o(i.main) refers to ms5803.o(i.MS5803_Init) for MS5803_Init
    main.o(i.main) refers to adc.o(i.Get_Adc_Average) for Get_Adc_Average
    main.o(i.main) refers to dflt_clz.o(x$fpl$dfltu) for __aeabi_ui2d
    main.o(i.main) refers to dmul.o(x$fpl$dmul) for __aeabi_dmul
    main.o(i.main) refers to d2f.o(x$fpl$d2f) for __aeabi_d2f
    main.o(i.main) refers to oled.o(i.OLED_Clear) for OLED_Clear
    main.o(i.main) refers to oled.o(i.OLED_ShowNum) for OLED_ShowNum
    main.o(i.main) refers to f2d.o(x$fpl$f2d) for __aeabi_f2d
    main.o(i.main) refers to stm32l4xx_hal.o(i.HAL_Delay) for HAL_Delay
    main.o(i.main) refers to display.o(i.displayzhuangtai3) for displayzhuangtai3
    main.o(i.main) refers to display.o(i.displayzhuangtai0) for displayzhuangtai0
    main.o(i.main) refers to display.o(i.displayzhuangtai1) for displayzhuangtai1
[...]
    i.HAL_RCC_ClockConfig                    0x080020b0   Section        0  stm32l4xx_hal_rcc.o(i.HAL_RCC_ClockConfig)
    i.HAL_RCC_GetPCLK1Freq                   0x080021f4   Section        0  stm32l4xx_hal_rcc.o(i.HAL_RCC_GetPCLK1Freq)
    i.HAL_RCC_GetPCLK2Freq                   0x08002218   Section        0  stm32l4xx_hal_rcc.o(i.HAL_RCC_GetPCLK2Freq)
    i.HAL_RCC_GetSysClockFreq                0x0800223c   Section        0  stm32l4xx_hal_rcc.o(i.HAL_RCC_GetSysClockFreq)
    i.HAL_RCC_OscConfig                      0x080022e0   Section        0  stm32l4xx_hal_rcc.o(i.HAL_RCC_OscConfig)
    i.HAL_SYSTICK_Config                     0x080027f8   Section        0  stm32l4xx_hal_cortex.o(i.HAL_SYSTICK_Config)
    i.HAL_TIMEx_Break2Callback               0x08002820   Section        0  stm32l4xx_hal_tim_ex.o(i.HAL_TIMEx_Break2Callback)
    i.HAL_TIMEx_BreakCallback                0x08002822   Section        0  stm32l4xx_hal_tim_ex.o(i.HAL_TIMEx_BreakCallback)
    i.HAL_TIMEx_CommutCallback               0x08002824   Section        0  stm32l4xx_hal_tim_ex.o(i.HAL_TIMEx_CommutCallback)
    i.HAL_TIMEx_MasterConfigSynchronization  0x08002828   Section        0  stm32l4xx_hal_tim_ex.o(i.HAL_TIMEx_MasterConfigSynchronization)
    i.HAL_TIM_Base_Init                      0x080028c4   Section        0  stm32l4xx_hal_tim.o(i.HAL_TIM_Base_Init)
    i.HAL_TIM_Base_MspInit                   0x08002928   Section        0  tim.o(i.HAL_TIM_Base_MspInit)
    i.HAL_TIM_IC_CaptureCallback             0x080029dc   Section        0  stm32l4xx_hal_tim.o(i.HAL_TIM_IC_CaptureCallback)
    i.HAL_TIM_IRQHandler                     0x080029de   Section        0  stm32l4xx_hal_tim.o(i.HAL_TIM_IRQHandler)
    i.HAL_TIM_OC_DelayElapsedCallback        0x08002b24   Section        0  stm32l4xx_hal_tim.o(i.HAL_TIM_OC_DelayElapsedCallback)
    i.HAL_TIM_PWM_PulseFinishedCallback      0x08002b26   Section        0  stm32l4xx_hal_tim.o(i.HAL_TIM_PWM_PulseFinishedCallback)
    i.HAL_TIM_PeriodElapsedCallback          0x08002b28   Section        0  tim.o(i.HAL_TIM_PeriodElapsedCallback)
    i.HAL_TIM_TriggerCallback                0x08002b40   Section        0  stm32l4xx_hal_tim.o(i.HAL_TIM_TriggerCallback)
    i.HAL_USART_Init                         0x08002b42   Section        0  stm32l4xx_hal_usart.o(i.HAL_USART_Init)
    i.HAL_USART_MspInit                      0x08002bf4   Section        0  usart.o(i.HAL_USART_MspInit)
    i.HardFault_Handler                      0x08002c74   Section        0  stm32l4xx_it.o(i.HardFault_Handler)
    i.I2C_Flush_TXDR                         0x08002c76   Section        0  stm32l4xx_hal_i2c.o(i.I2C_Flush_TXDR)
    I2C_Flush_TXDR                           0x08002c77   Thumb Code    34  stm32l4xx_hal_i2c.o(i.I2C_Flush_TXDR)
    i.I2C_IsErrorOccurred                    0x08002c98   Section        0  stm32l4xx_hal_i2c.o(i.I2C_IsErrorOccurred)
    I2C_IsErrorOccurred                      0x08002c99   Thumb Code   264  stm32l4xx_hal_i2c.o(i.I2C_IsErrorOccurred)
    i.I2C_ReadRegister                       0x08002da4   Section        0  i2c.o(i.I2C_ReadRegister)
    i.I2C_Start                              0x08002de8   Section        0  oled.o(i.I2C_Start)
    i.I2C_Stop                               0x08002e2c   Section        0  oled.o(i.I2C_Stop)
    i.I2C_TransferConfig                     0x08002e60   Section        0  stm32l4xx_hal_i2c.o(i.I2C_TransferConfig)
    I2C_TransferConfig                       0x08002e61   Thumb Code    44  stm32l4xx_hal_i2c.o(i.I2C_TransferConfig)
    i.I2C_WaitAck                            0x08002e90   Section        0  oled.o(i.I2C_WaitAck)
    i.I2C_WaitOnFlagUntilTimeout             0x08002ec8   Section        0  stm32l4xx_hal_i2c.o(i.I2C_WaitOnFlagUntilTimeout)
    I2C_WaitOnFlagUntilTimeout               0x08002ec9   Thumb Code   108  stm32l4xx_hal_i2c.o(i.I2C_WaitOnFlagUntilTimeout)
    i.I2C_WaitOnRXNEFlagUntilTimeout         0x08002f34   Section        0  stm32l4xx_hal_i2c.o(i.I2C_WaitOnRXNEFlagUntilTimeout)
    I2C_WaitOnRXNEFlagUntilTimeout           0x08002f35   Thumb Code   162  stm32l4xx_hal_i2c.o(i.I2C_WaitOnRXNEFlagUntilTimeout)
    i.I2C_WaitOnSTOPFlagUntilTimeout         0x08002fdc   Section        0  stm32l4xx_hal_i2c.o(i.I2C_WaitOnSTOPFlagUntilTimeout)
    I2C_WaitOnSTOPFlagUntilTimeout           0x08002fdd   Thumb Code    86  stm32l4xx_hal_i2c.o(i.I2C_WaitOnSTOPFlagUntilTimeout)
    i.I2C_WaitOnTXISFlagUntilTimeout         0x08003032   Section        0  stm32l4xx_hal_i2c.o(i.I2C_WaitOnTXISFlagUntilTimeout)
    I2C_WaitOnTXISFlagUntilTimeout           0x08003033   Thumb Code    90  stm32l4xx_hal_i2c.o(i.I2C_WaitOnTXISFlagUntilTimeout)
    i.IIC_delay                              0x0800308c   Section        0  oled.o(i.IIC_delay)
    i.KEY_Scan                               0x08003098   Section        0  key.o(i.KEY_Scan)
    i.LL_ADC_GetOffsetChannel                0x080030c4   Section        0  stm32l4xx_hal_adc.o(i.LL_ADC_GetOffsetChannel)
    LL_ADC_GetOffsetChannel                  0x080030c5   Thumb Code    12  stm32l4xx_hal_adc.o(i.LL_ADC_GetOffsetChannel)
    i.LL_ADC_INJ_IsConversionOngoing         0x080030d0   Section        0  stm32l4xx_hal_adc.o(i.LL_ADC_INJ_IsConversionOngoing)
    LL_ADC_INJ_IsConversionOngoing           0x080030d1   Thumb Code     8  stm32l4xx_hal_adc.o(i.LL_ADC_INJ_IsConversionOngoing)
    i.LL_ADC_REG_IsConversionOngoing         0x080030d8   Section        0  stm32l4xx_hal_adc.o(i.LL_ADC_REG_IsConversionOngoing)
    LL_ADC_REG_IsConversionOngoing           0x080030d9   Thumb Code     8  stm32l4xx_hal_adc.o(i.LL_ADC_REG_IsConversionOngoing)
    i.LL_ADC_REG_IsConversionOngoing         0x080030e0   Section        0  stm32l4xx_hal_adc_ex.o(i.LL_ADC_REG_IsConversionOngoing)
    LL_ADC_REG_IsConversionOngoing           0x080030e1   Thumb Code     8  stm32l4xx_hal_adc_ex.o(i.LL_ADC_REG_IsConversionOngoing)
    i.LL_ADC_REG_IsTriggerSourceSWStart      0x080030e8   Section        0  stm32l4xx_hal_adc.o(i.LL_ADC_REG_IsTriggerSourceSWStart)
    LL_ADC_REG_IsTriggerSourceSWStart        0x080030e9   Thumb Code    16  stm32l4xx_hal_adc.o(i.LL_ADC_REG_IsTriggerSourceSWStart)
    i.LL_ADC_SetChannelSamplingTime          0x080030f8   Section        0  stm32l4xx_hal_adc.o(i.LL_ADC_SetChannelSamplingTime)
    LL_ADC_SetChannelSamplingTime            0x080030f9   Thumb Code    30  stm32l4xx_hal_adc.o(i.LL_ADC_SetChannelSamplingTime)
    i.LL_ADC_SetOffsetState                  0x08003116   Section        0  stm32l4xx_hal_adc.o(i.LL_ADC_SetOffsetState)
    LL_ADC_SetOffsetState                    0x08003117   Thumb Code    16  stm32l4xx_hal_adc.o(i.LL_ADC_SetOffsetState)
    i.MS5803_GetPressure                     0x08003128   Section        0  ms5803.o(i.MS5803_GetPressure)
    i.MS5803_Init                            0x080031e8   Section        0  ms5803.o(i.MS5803_Init)
    i.MS5803_ReadRawPressure                 0x08003208   Section        0  ms5803.o(i.MS5803_ReadRawPressure)
    i.MX_ADC1_Init                           0x08003250   Section        0  adc.o(i.MX_ADC1_Init)
    i.MX_GPIO_Init                           0x080032dc   Section        0  gpio.o(i.MX_GPIO_Init)
    i.MX_I2C1_Init                           0x08003374   Section        0  i2c.o(i.MX_I2C1_Init)
    i.MX_I2C2_Init                           0x080033cc   Section        0  i2c.o(i.MX_I2C2_Init)
    i.MX_QUADSPI_Init                        0x08003424   Section        0  quadspi.o(i.MX_QUADSPI_Init)
    i.MX_TIM16_Init                          0x0800345c   Section        0  tim.o(i.MX_TIM16_Init)
    i.MX_TIM17_Init                          0x08003494   Section        0  tim.o(i.MX_TIM17_Init)
    i.MX_TIM6_Init                           0x080034cc   Section        0  tim.o(i.MX_TIM6_Init)
    i.MX_TIM7_Init                           0x08003514   Section        0  tim.o(i.MX_TIM7_Init)
    i.MX_USART3_Init                         0x0800355c   Section        0  usart.o(i.MX_USART3_Init)
    i.MemManage_Handler                      0x08003598   Section        0  stm32l4xx_it.o(i.MemManage_Handler)
    i.NMI_Handler                            0x0800359a   Section        0  stm32l4xx_it.o(i.NMI_Handler)
    i.OLED_Clear                             0x0800359c   Section        0  oled.o(i.OLED_Clear)
    i.OLED_DrawPoint                         0x080035c8   Section        0  oled.o(i.OLED_DrawPoint)
    i.OLED_Pow                               0x080035f4   Section        0  oled.o(i.OLED_Pow)
    i.OLED_Refresh                           0x08003604   Section        0  oled.o(i.OLED_Refresh)
    i.OLED_ShowChar                          0x0800366c   Section        0  oled.o(i.OLED_ShowChar)
    i.OLED_ShowChinese                       0x08003758   Section        0  oled.o(i.OLED_ShowChinese)
    i.OLED_ShowNum                           0x0800382e   Section        0  oled.o(i.OLED_ShowNum)
    i.OLED_WR_Byte                           0x080038a2   Section        0  oled.o(i.OLED_WR_Byte)
    i.PendSV_Handler                         0x080038d8   Section        0  stm32l4xx_it.o(i.PendSV_Handler)
    i.QSPI_Config                            0x080038da   Section        0  stm32l4xx_hal_qspi.o(i.QSPI_Config)
    QSPI_Config                              0x080038db   Thumb Code   350  stm32l4xx_hal_qspi.o(i.QSPI_Config)
    i.QSPI_Receive                           0x08003a38   Section        0  quadspi.o(i.QSPI_Receive)
    i.QSPI_Send_CMD                          0x08003a5c   Section        0  quadspi.o(i.QSPI_Send_CMD)
    i.QSPI_Transmit                          0x08003a94   Section        0  quadspi.o(i.QSPI_Transmit)
    i.QSPI_WaitFlagStateUntilTimeout         0x08003ab8   Section        0  stm32l4xx_hal_qspi.o(i.QSPI_WaitFlagStateUntilTimeout)
    QSPI_WaitFlagStateUntilTimeout           0x08003ab9   Thumb Code    72  stm32l4xx_hal_qspi.o(i.QSPI_WaitFlagStateUntilTimeout)
    i.RCCEx_PLLSAI1_Config                   0x08003b00   Section        0  stm32l4xx_hal_rcc_ex.o(i.RCCEx_PLLSAI1_Config)
    RCCEx_PLLSAI1_Config                     0x08003b01   Thumb Code   278  stm32l4xx_hal_rcc_ex.o(i.RCCEx_PLLSAI1_Config)
    i.RCCEx_PLLSAI2_Config                   0x08003c2c   Section        0  stm32l4xx_hal_rcc_ex.o(i.RCCEx_PLLSAI2_Config)
    RCCEx_PLLSAI2_Config                     0x08003c2d   Thumb Code   250  stm32l4xx_hal_rcc_ex.o(i.RCCEx_PLLSAI2_Config)
    i.RCC_SetFlashLatencyFromMSIRange        0x08003d34   Section        0  stm32l4xx_hal_rcc.o(i.RCC_SetFlashLatencyFromMSIRange)
    RCC_SetFlashLatencyFromMSIRange          0x08003d35   Thumb Code   116  stm32l4xx_hal_rcc.o(i.RCC_SetFlashLatencyFromMSIRange)
    i.SVC_Handler                            0x08003db0   Section        0  stm32l4xx_it.o(i.SVC_Handler)
    i.Send_Byte                              0x08003db4   Section        0  oled.o(i.Send_Byte)
    i.Sht25_Read                             0x08003e08   Section        0  sht25.o(i.Sht25_Read)
    i.Sht25_Write                            0x08003e2c   Section        0  sht25.o(i.Sht25_Write)
    i.SysTick_Handler                        0x08003e50   Section        0  stm32l4xx_it.o(i.SysTick_Handler)
    i.SystemClock_Config                     0x08003e54   Section        0  main.o(i.SystemClock_Config)
    i.SystemInit                             0x08003ee0   Section        0  system_stm32l4xx.o(i.SystemInit)
    i.TIM1_TRG_COM_TIM17_IRQHandler          0x08003ef0   Section        0  stm32l4xx_it.o(i.TIM1_TRG_COM_TIM17_IRQHandler)
    i.TIM1_UP_TIM16_IRQHandler               0x08003efc   Section        0  stm32l4xx_it.o(i.TIM1_UP_TIM16_IRQHandler)
    i.TIM6_DAC_IRQHandler                    0x08003f08   Section        0  stm32l4xx_it.o(i.TIM6_DAC_IRQHandler)
    i.TIM7_IRQHandler                        0x08003f14   Section        0  stm32l4xx_it.o(i.TIM7_IRQHandler)
    i.TIM_Base_SetConfig                     0x08003f20   Section        0  stm32l4xx_hal_tim.o(i.TIM_Base_SetConfig)
    i.USART_SetConfig                        0x08003fe0   Section        0  stm32l4xx_hal_usart.o(i.USART_SetConfig)
    USART_SetConfig                          0x08003fe1   Thumb Code   242  stm32l4xx_hal_usart.o(i.USART_SetConfig)
    i.USART_WaitOnFlagUntilTimeout           0x080040ec   Section        0  stm32l4xx_hal_usart.o(i.USART_WaitOnFlagUntilTimeout)
    USART_WaitOnFlagUntilTimeout             0x080040ed   Thumb Code    76  stm32l4xx_hal_usart.o(i.USART_WaitOnFlagUntilTimeout)
    i.UsageFault_Handler                     0x08004138   Section        0  stm32l4xx_it.o(i.UsageFault_Handler)
    i.W25Q128_Erase_Sector                   0x0800413a   Section        0  w25q128.o(i.W25Q128_Erase_Sector)
    i.W25Q128_Read                           0x08004164   Section        0  w25q128.o(i.W25Q128_Read)
    i.W25Q128_ReadSR                         0x0800418e   Section        0  w25q128.o(i.W25Q128_ReadSR)
    i.W25Q128_Wait_Busy                      0x080041d0   Section        0  w25q128.o(i.W25Q128_Wait_Busy)
    i.W25Q128_Write                          0x080041e0   Section        0  w25q128.o(i.W25Q128_Write)
    i.W25Q128_Write_Enable                   0x08004282   Section        0  w25q128.o(i.W25Q128_Write_Enable)
    i.W25Q128_Write_NoCheck                  0x0800429c   Section        0  w25q128.o(i.W25Q128_Write_NoCheck)
    i.W25Q128_Write_Page                     0x080042da   Section        0  w25q128.o(i.W25Q128_Write_Page)
    i.__NVIC_SetPriority                     0x0800430e   Section        0  stm32l4xx_hal_cortex.o(i.__NVIC_SetPriority)
    __NVIC_SetPriority                       0x0800430f   Thumb Code    32  stm32l4xx_hal_cortex.o(i.__NVIC_SetPriority)
    i.displayzhuangtai0                      0x0800432e   Section        0  display.o(i.displayzhuangtai0)
    i.displayzhuangtai1                      0x080043a4   Section        0  display.o(i.displayzhuangtai1)
    i.displayzhuangtai2                      0x080044ac   Section        0  display.o(i.displayzhuangtai2)
    i.displayzhuangtai3                      0x080045ec   Section        0  display.o(i.displayzhuangtai3)
    i.gettempandhum                          0x08004728   Section        0  sht25.o(i.gettempandhum)
    i.main                                   0x080047b4   Section        0  main.o(i.main)
    x$fpl$d2f                                0x08004964   Section       98  d2f.o(x$fpl$d2f)
    $v0                                      0x08004964   Number         0  d2f.o(x$fpl$d2f)
    x$fpl$dadd                               0x080049c8   Section      336  daddsub_clz.o(x$fpl$dadd)
    $v0                                      0x080049c8   Number         0  daddsub_clz.o(x$fpl$dadd)
    _dadd1                                   0x080049d9   Thumb Code     0  daddsub_clz.o(x$fpl$dadd)
    x$fpl$dfltu                              0x08004b18   Section       38  dflt_clz.o(x$fpl$dfltu)
    $v0                                      0x08004b18   Number         0  dflt_clz.o(x$fpl$dfltu)
    x$fpl$dmul                               0x08004b40   Section      340  dmul.o(x$fpl$dmul)
    $v0                                      0x08004b40   Number         0  dmul.o(x$fpl$dmul)
    x$fpl$dnaninf                            0x08004c94   Section      156  dnaninf.o(x$fpl$dnaninf)
    $v0                                      0x08004c94   Number         0  dnaninf.o(x$fpl$dnaninf)
    x$fpl$dretinf                            0x08004d30   Section       12  dretinf.o(x$fpl$dretinf)
    $v0                                      0x08004d30   Number         0  dretinf.o(x$fpl$dretinf)
    x$fpl$dsub                               0x08004d3c   Section      468  daddsub_clz.o(x$fpl$dsub)
    $v0                                      0x08004d3c   Number         0  daddsub_clz.o(x$fpl$dsub)
    _dsub1                                   0x08004d4d   Thumb Code     0  daddsub_clz.o(x$fpl$dsub)
    x$fpl$f2d                                0x08004f10   Section       86  f2d.o(x$fpl$f2d)
    $v0                                      0x08004f10   Number         0  f2d.o(x$fpl$f2d)
    x$fpl$fnaninf                            0x08004f66   Section      140  fnaninf.o(x$fpl$fnaninf)
    $v0                                      0x08004f66   Number         0  fnaninf.o(x$fpl$fnaninf)
    x$fpl$fpinit                             0x08004ff2   Section       10  fpinit.o(x$fpl$fpinit)
    $v0                                      0x08004ff2   Number         0  fpinit.o(x$fpl$fpinit)
    x$fpl$fretinf                            0x08004ffc   Section       10  fretinf.o(x$fpl$fretinf)
    $v0                                      0x08004ffc   Number         0  fretinf.o(x$fpl$fretinf)
    .constdata                               0x08005006   Section     8336  oled.o(.constdata)
    x$fpl$usenofp                            0x08005006   Section        0  usenofp.o(x$fpl$usenofp)
    .constdata                               0x08007098   Section       64  system_stm32l4xx.o(.constdata)
    .constdata                               0x080070d8   Section        8  system_stm32l4xx.o(.constdata)
    .data                                    0x20000000   Section       12  main.o(.data)
    .data                                    0x2000000c   Section        4  tim.o(.data)
    .data                                    0x20000010   Section        8  sht25.o(.data)
    .data                                    0x20000018   Section        1  exti.o(.data)
    .data                                    0x2000001c   Section        4  adxl_357.o(.data)
    .data                                    0x20000020   Section        4  adxl_357.o(.data)
    .data                                    0x20000024   Section        4  adxl_357.o(.data)
    .data                                    0x20000028   Section       12  stm32l4xx_hal.o(.data)
    .data                                    0x20000034   Section        4  system_stm32l4xx.o(.data)
    .bss                                     0x20000038   Section      100  adc.o(.bss)
    .bss                                     0x2000009c   Section      168  i2c.o(.bss)
    .bss                                     0x20000144   Section       68  quadspi.o(.bss)
    .bss                                     0x20000188   Section      304  tim.o(.bss)
    .bss                                     0x200002b8   Section       80  usart.o(.bss)
    .bss                                     0x20000308   Section     1280  oled.o(.bss)
    .bss                                     0x20000808   Section     4096  w25q128.o(.bss)
    .bss                                     0x20001808   Section       96  libspace.o(.bss)
    HEAP                                     0x20001868   Section      512  startup_stm32l475xx.o(HEAP)
    Heap_Mem                                 0x20001868   Data         512  startup_stm32l475xx.o(HEAP)
    STACK                                    0x20001a68   Section     1024  startup_stm32l475xx.o(STACK)
    Stack_Mem                                0x20001a68   Data        1024  startup_stm32l475xx.o(STACK)
    __initial_sp                             0x20001e68   Data           0  startup_stm32l475xx.o(STACK)

    Global Symbols

    Symbol Name                              Value     Ov Type        Size  Object(Section)

    BuildAttributes$$THM_ISAv4$E$P$D$K$B$S$7EM$VFPi3$EXTD16$VFPS$VFMA$PE$A:L22UL41UL21$X:L11$S22US41US21$IEEE1$IW$USESV6$~STKCKD$USESV7$~SHL$OSPACE$ROPI$EBA8$UX$STANDARDLIB$REQ8$PRES8$EABIv2 0x00000000   Number         0  anon$$obj.o ABSOLUTE
    __ARM_use_no_argv                        0x00000000   Number         0  main.o ABSOLUTE
    __ARM_exceptions_init                     - Undefined Weak Reference
    __alloca_initialize                       - Undefined Weak Reference
    __arm_fini_                               - Undefined Weak Reference
    __arm_preinit_                            - Undefined Weak Reference
    __cpp_initialize__aeabi_                  - Undefined Weak Reference
    __cxa_finalize                            - Undefined Weak Reference
    __rt_locale                               - Undefined Weak Reference
    __sigvec_lookup                           - Undefined Weak Reference
    _atexit_init                              - Undefined Weak Reference
    _call_atexit_fns                          - Undefined Weak Reference
    _clock_init                               - Undefined Weak Reference
    _fp_trap_init                             - Undefined Weak Reference
    _fp_trap_shutdown                         - Undefined Weak Reference
    _get_lc_collate                           - Undefined Weak Reference
    _get_lc_ctype                             - Undefined Weak Reference
    _get_lc_monetary                          - Undefined Weak Reference
    _get_lc_numeric                           - Undefined Weak Reference
    _get_lc_time                              - Undefined Weak Reference
    _getenv_init                              - Undefined Weak Reference
    _handle_redirection                       - Undefined Weak Reference
    _init_alloc                               - Undefined Weak Reference
    _init_user_alloc                          - Undefined Weak Reference
    _initio                                   - Undefined Weak Reference
    _rand_init                                - Undefined Weak Reference
    _signal_finish                            - Undefined Weak Reference
    _signal_init                              - Undefined Weak Reference
    _terminate_alloc                          - Undefined Weak Reference
    _terminate_user_alloc                     - Undefined Weak Reference
    _terminateio                              - Undefined Weak Reference
    __Vectors_Size                           0x00000188   Number         0  startup_stm32l475xx.o ABSOLUTE
    __Vectors                                0x08000000   Data           4  startup_stm32l475xx.o(RESET)
    __Vectors_End                            0x08000188   Data           0  startup_stm32l475xx.o(RESET)
    __main                                   0x08000189   Thumb Code     8  __main.o(!!!main)
    __scatterload                            0x08000191   Thumb Code     0  __scatter.o(!!!scatter)
    __scatterload_rt2                        0x08000191   Thumb Code    44  __scatter.o(!!!scatter)
    __scatterload_rt2_thumb_only             0x08000191   Thumb Code     0  __scatter.o(!!!scatter)
    __scatterload_null                       0x0800019f   Thumb Code     0  __scatter.o(!!!scatter)
    __scatterload_copy                       0x080001c5   Thumb Code    26  __scatter_copy.o(!!handler_copy)
    __scatterload_zeroinit                   0x080001e1   Thumb Code    28  __scatter_zi.o(!!handler_zi)
    __rt_lib_init                            0x080001fd   Thumb Code     0  libinit.o(.ARM.Collect$$libinit$$00000000)
    __rt_lib_init_fp_1                       0x080001ff   Thumb Code     0  libinit2.o(.ARM.Collect$$libinit$$00000001)
    __rt_lib_init_alloca_1                   0x08000203   Thumb Code     0  libinit2.o(.ARM.Collect$$libinit$$0000002E)
    __rt_lib_init_argv_1                     0x08000203   Thumb Code     0  libinit2.o(.ARM.Collect$$libinit$$0000002C)
    __rt_lib_init_atexit_1                   0x08000203   Thumb Code     0  libinit2.o(.ARM.Collect$$libinit$$0000001B)
    __rt_lib_init_clock_1                    0x08000203   Thumb Code     0  libinit2.o(.ARM.Collect$$libinit$$00000021)
    __rt_lib_init_cpp_1                      0x08000203   Thumb Code     0  libinit2.o(.ARM.Collect$$libinit$$00000032)
    __rt_lib_init_exceptions_1               0x08000203   Thumb Code     0  libinit2.o(.ARM.Collect$$libinit$$00000030)
    __rt_lib_init_fp_trap_1                  0x08000203   Thumb Code     0  libinit2.o(.ARM.Collect$$libinit$$0000001F)
    __rt_lib_init_getenv_1                   0x08000203   Thumb Code     0  libinit2.o(.ARM.Collect$$libinit$$00000023)
    __rt_lib_init_heap_1                     0x08000203   Thumb Code     0  libinit2.o(.ARM.Collect$$libinit$$0000000A)
    __rt_lib_init_lc_collate_1               0x08000203   Thumb Code     0  libinit2.o(.ARM.Collect$$libinit$$00000011)
    __rt_lib_init_lc_ctype_1                 0x08000203   Thumb Code     0  libinit2.o(.ARM.Collect$$libinit$$00000013)
    __rt_lib_init_lc_monetary_1              0x08000203   Thumb Code     0  libinit2.o(.ARM.Collect$$libinit$$00000015)
    __rt_lib_init_lc_numeric_1               0x08000203   Thumb Code     0  libinit2.o(.ARM.Collect$$libinit$$00000017)
    __rt_lib_init_lc_time_1                  0x08000203   Thumb Code     0  libinit2.o(.ARM.Collect$$libinit$$00000019)
    __rt_lib_init_preinit_1                  0x08000203   Thumb Code     0  libinit2.o(.ARM.Collect$$libinit$$00000004)
    __rt_lib_init_rand_1                     0x08000203   Thumb Code     0  libinit2.o(.ARM.Collect$$libinit$$0000000E)
    __rt_lib_init_return                     0x08000203   Thumb Code     0  libinit2.o(.ARM.Collect$$libinit$$00000033)
    __rt_lib_init_signal_1                   0x08000203   Thumb Code     0  libinit2.o(.ARM.Collect$$libinit$$0000001D)
    __rt_lib_init_stdio_1                    0x08000203   Thumb Code     0  libinit2.o(.ARM.Collect$$libinit$$00000025)
    __rt_lib_init_user_alloc_1               0x08000203   Thumb Code     0  libinit2.o(.ARM.Collect$$libinit$$0000000C)
    __rt_lib_shutdown                        0x08000205   Thumb Code     0  libshutdown.o(.ARM.Collect$$libshutdown$$00000000)
    __rt_lib_shutdown_cpp_1                  0x08000207   Thumb Code     0  libshutdown2.o(.ARM.Collect$$libshutdown$$00000004)
    __rt_lib_shutdown_fini_1                 0x08000207   Thumb Code     0  libshutdown2.o(.ARM.Collect$$libshutdown$$00000002)
    __rt_lib_shutdown_fp_trap_1              0x08000207   Thumb Code     0  libshutdown2.o(.ARM.Collect$$libshutdown$$00000009)
    __rt_lib_shutdown_heap_1                 0x08000207   Thumb Code     0  libshutdown2.o(.ARM.Collect$$libshutdown$$00000011)
    __rt_lib_shutdown_return                 0x08000207   Thumb Code     0  libshutdown2.o(.ARM.Collect$$libshutdown$$00000012)
    __rt_lib_shutdown_signal_1               0x08000207   Thumb Code     0  libshutdown2.o(.ARM.Collect$$libshutdown$$0000000C)
    __rt_lib_shutdown_stdio_1                0x08000207   Thumb Code     0  libshutdown2.o(.ARM.Collect$$libshutdown$$00000006)
    __rt_lib_shutdown_user_alloc_1           0x08000207   Thumb Code     0  libshutdown2.o(.ARM.Collect$$libshutdown$$0000000E)
    __rt_entry                               0x08000209   Thumb Code     0  __rtentry.o(.ARM.Collect$$rtentry$$00000000)
    __rt_entry_presh_1                       0x08000209   Thumb Code     0  __rtentry2.o(.ARM.Collect$$rtentry$$00000002)
    __rt_entry_sh                            0x08000209   Thumb Code     0  __rtentry4.o(.ARM.Collect$$rtentry$$00000004)
    __rt_entry_li                            0x0800020f   Thumb Code     0  __rtentry2.o(.ARM.Collect$$rtentry$$0000000A)
    __rt_entry_postsh_1                      0x0800020f   Thumb Code     0  __rtentry2.o(.ARM.Collect$$rtentry$$00000009)
    __rt_entry_main                          0x08000213   Thumb Code     0  __rtentry2.o(.ARM.Collect$$rtentry$$0000000D)
    __rt_entry_postli_1                      0x08000213   Thumb Code     0  __rtentry2.o(.ARM.Collect$$rtentry$$0000000C)
    __rt_exit                                0x0800021b   Thumb Code     0  rtexit.o(.ARM.Collect$$rtexit$$00000000)
    __rt_exit_ls                             0x0800021d   Thumb Code     0  rtexit2.o(.ARM.Collect$$rtexit$$00000003)
    __rt_exit_prels_1                        0x0800021d   Thumb Code     0  rtexit2.o(.ARM.Collect$$rtexit$$00000002)
    __rt_exit_exit                           0x08000221   Thumb Code     0  rtexit2.o(.ARM.Collect$$rtexit$$00000004)
    Reset_Handler                            0x08000229   Thumb Code     8  startup_stm32l475xx.o(.text)
    ADC1_2_IRQHandler                        0x08000243   Thumb Code     0  startup_stm32l475xx.o(.text)
    ADC3_IRQHandler                          0x08000243   Thumb Code     0  startup_stm32l475xx.o(.text)
    CAN1_RX0_IRQHandler                      0x08000243   Thumb Code     0  startup_stm32l475xx.o(.text)
    CAN1_RX1_IRQHandler                      0x08000243   Thumb Code     0  startup_stm32l475xx.o(.text)
    CAN1_SCE_IRQHandler                      0x08000243   Thumb Code     0  startup_stm32l475xx.o(.text)
    CAN1_TX_IRQHandler                       0x08000243   Thumb Code     0  startup_stm32l475xx.o(.text)
    COMP_IRQHandler                          0x08000243   Thumb Code     0  startup_stm32l475xx.o(.text)
    DFSDM1_FLT0_IRQHandler                   0x08000243   Thumb Code     0  startup_stm32l475xx.o(.text)
    DFSDM1_FLT1_IRQHandler                   0x08000243   Thumb Code     0  startup_stm32l475xx.o(.text)
    DFSDM1_FLT2_IRQHandler                   0x08000243   Thumb Code     0  startup_stm32l475xx.o(.text)
    DFSDM1_FLT3_IRQHandler                   0x08000243   Thumb Code     0  startup_stm32l475xx.o(.text)
    DMA1_Channel1_IRQHandler                 0x08000243   Thumb Code     0  startup_stm32l475xx.o(.text)
    DMA1_Channel2_IRQHandler                 0x08000243   Thumb Code     0  startup_stm32l475xx.o(.text)
    DMA1_Channel3_IRQHandler                 0x08000243   Thumb Code     0  startup_stm32l475xx.o(.text)
    DMA1_Channel4_IRQHandler                 0x08000243   Thumb Code     0  startup_stm32l475xx.o(.text)
    DMA1_Channel5_IRQHandler                 0x08000243   Thumb Code     0  startup_stm32l475xx.o(.text)
    DMA1_Channel6_IRQHandler                 0x08000243   Thumb Code     0  startup_stm32l475xx.o(.text)
    DMA1_Channel7_IRQHandler                 0x08000243   Thumb Code     0  startup_stm32l475xx.o(.text)
    DMA2_Channel1_IRQHandler                 0x08000243   Thumb Code     0  startup_stm32l475xx.o(.text)
    DMA2_Channel2_IRQHandler                 0x08000243   Thumb Code     0  startup_stm32l475xx.o(.text)
    DMA2_Channel3_IRQHandler                 0x08000243   Thumb Code     0  startup_stm32l475xx.o(.text)
    DMA2_Channel4_IRQHandler                 0x08000243   Thumb Code     0  startup_stm32l475xx.o(.text)
    DMA2_Channel5_IRQHandler                 0x08000243   Thumb Code     0  startup_stm32l475xx.o(.text)
    DMA2_Channel6_IRQHandler                 0x08000243   Thumb Code     0  startup_stm32l475xx.o(.text)
    DMA2_Channel7_IRQHandler                 0x08000243   Thumb Code     0  startup_stm32l475xx.o(.text)
    EXTI0_IRQHandler                         0x08000243   Thumb Code     0  startup_stm32l475xx.o(.text)
    EXTI15_10_IRQHandler                     0x08000243   Thumb Code     0  startup_stm32l475xx.o(.text)
    EXTI1_IRQHandler                         0x08000243   Thumb Code     0  startup_stm32l475xx.o(.text)
    EXTI2_IRQHandler                         0x08000243   Thumb Code     0  startup_stm32l475xx.o(.text)
    EXTI3_IRQHandler                         0x08000243   Thumb Code     0  startup_stm32l475xx.o(.text)
    EXTI4_IRQHandler                         0x08000243   Thumb Code     0  startup_stm32l475xx.o(.text)
    FLASH_IRQHandler                         0x08000243   Thumb Code     0  startup_stm32l475xx.o(.text)
    FMC_IRQHandler                           0x08000243   Thumb Code     0  startup_stm32l475xx.o(.text)
    FPU_IRQHandler                           0x08000243   Thumb Code     0  startup_stm32l475xx.o(.text)
    I2C1_ER_IRQHandler                       0x08000243   Thumb Code     0  startup_stm32l475xx.o(.text)
    I2C1_EV_IRQHandler                       0x08000243   Thumb Code     0  startup_stm32l475xx.o(.text)
    I2C2_ER_IRQHandler                       0x08000243   Thumb Code     0  startup_stm32l475xx.o(.text)
    I2C2_EV_IRQHandler                       0x08000243   Thumb Code     0  startup_stm32l475xx.o(.text)
    I2C3_ER_IRQHandler                       0x08000243   Thumb Code     0  startup_stm32l475xx.o(.text)
    I2C3_EV_IRQHandler                       0x08000243   Thumb Code     0  startup_stm32l475xx.o(.text)
    LPTIM1_IRQHandler                        0x08000243   Thumb Code     0  startup_stm32l475xx.o(.text)
    LPTIM2_IRQHandler                        0x08000243   Thumb Code     0  startup_stm32l475xx.o(.text)
    LPUART1_IRQHandler                       0x08000243   Thumb Code     0  startup_stm32l475xx.o(.text)
    OTG_FS_IRQHandler                        0x08000243   Thumb Code     0  startup_stm32l475xx.o(.text)
    PVD_PVM_IRQHandler                       0x08000243   Thumb Code     0  startup_stm32l475xx.o(.text)
    QUADSPI_IRQHandler                       0x08000243   Thumb Code     0  startup_stm32l475xx.o(.text)
    RCC_IRQHandler                           0x08000243   Thumb Code     0  startup_stm32l475xx.o(.text)
    RNG_IRQHandler                           0x08000243   Thumb Code     0  startup_stm32l475xx.o(.text)
    RTC_Alarm_IRQHandler                     0x08000243   Thumb Code     0  startup_stm32l475xx.o(.text)
    RTC_WKUP_IRQHandler                      0x08000243   Thumb Code     0  startup_stm32l475xx.o(.text)
    SAI1_IRQHandler                          0x08000243   Thumb Code     0  startup_stm32l475xx.o(.text)
    SAI2_IRQHandler                          0x08000243   Thumb Code     0  startup_stm32l475xx.o(.text)
    SDMMC1_IRQHandler                        0x08000243   Thumb Code     0  startup_stm32l475xx.o(.text)
    SPI1_IRQHandler                          0x08000243   Thumb Code     0  startup_stm32l475xx.o(.text)
    SPI2_IRQHandler                          0x08000243   Thumb Code     0  startup_stm32l475xx.o(.text)
    SPI3_IRQHandler                          0x08000243   Thumb Code     0  startup_stm32l475xx.o(.text)
    SWPMI1_IRQHandler                        0x08000243   Thumb Code     0  startup_stm32l475xx.o(.text)
    TAMP_STAMP_IRQHandler                    0x08000243   Thumb Code     0  startup_stm32l475xx.o(.text)
    TIM1_BRK_TIM15_IRQHandler                0x08000243   Thumb Code     0  startup_stm32l475xx.o(.text)
    TIM1_CC_IRQHandler                       0x08000243   Thumb Code     0  startup_stm32l475xx.o(.text)
    TIM2_IRQHandler                          0x08000243   Thumb Code     0  startup_stm32l475xx.o(.text)
    TIM3_IRQHandler                          0x08000243   Thumb Code     0  startup_stm32l475xx.o(.text)
    TIM4_IRQHandler                          0x08000243   Thumb Code     0  startup_stm32l475xx.o(.text)
    TIM5_IRQHandler                          0x08000243   Thumb Code     0  startup_stm32l475xx.o(.text)
    TIM8_BRK_IRQHandler                      0x08000243   Thumb Code     0  startup_stm32l475xx.o(.text)
    TIM8_CC_IRQHandler                       0x08000243   Thumb Code     0  startup_stm32l475xx.o(.text)
    TIM8_TRG_COM_IRQHandler                  0x08000243   Thumb Code     0  startup_stm32l475xx.o(.text)
    TIM8_UP_IRQHandler                       0x08000243   Thumb Code     0  startup_stm32l475xx.o(.text)
    TSC_IRQHandler                           0x08000243   Thumb Code     0  startup_stm32l475xx.o(.text)
    UART4_IRQHandler                         0x08000243   Thumb Code     0  startup_stm32l475xx.o(.text)
    UART5_IRQHandler                         0x08000243   Thumb Code     0  startup_stm32l475xx.o(.text)
    USART1_IRQHandler                        0x08000243   Thumb Code     0  startup_stm32l475xx.o(.text)
    USART2_IRQHandler                        0x08000243   Thumb Code     0  startup_stm32l475xx.o(.text)
    USART3_IRQHandler                        0x08000243   Thumb Code     0  startup_stm32l475xx.o(.text)
    WWDG_IRQHandler                          0x08000243   Thumb Code     0  startup_stm32l475xx.o(.text)
    __user_initial_stackheap                 0x08000245   Thumb Code     0  startup_stm32l475xx.o(.text)
    __aeabi_ldivmod                          0x08000269   Thumb Code     0  llsdiv.o(.text)
    _ll_sdiv                                 0x08000269   Thumb Code    72  llsdiv.o(.text)
    __aeabi_memclr4                          0x080002b1   Thumb Code     0  rt_memclr_w.o(.text)
    __aeabi_memclr8                          0x080002b1   Thumb Code     0  rt_memclr_w.o(.text)
    __rt_memclr_w                            0x080002b1   Thumb Code    78  rt_memclr_w.o(.text)
    _memset_w                                0x080002b5   Thumb Code     0  rt_memclr_w.o(.text)
    __use_two_region_memory                  0x080002ff   Thumb Code     2  heapauxi.o(.text)
    __rt_heap_escrow$2region                 0x08000301   Thumb Code     2  heapauxi.o(.text)
    __rt_heap_expand$2region                 0x08000303   Thumb Code     2  heapauxi.o(.text)
    __aeabi_uldivmod                         0x08000305   Thumb Code     0  lludivv7m.o(.text)
    _ll_udiv                                 0x08000305   Thumb Code   238  lludivv7m.o(.text)
    __user_setup_stackheap                   0x080003f3   Thumb Code    74  sys_stackheap_outer.o(.text)
    exit                                     0x0800043d   Thumb Code    18  exit.o(.text)
    __user_libspace                          0x08000451   Thumb Code     8  libspace.o(.text)
    __user_perproc_libspace                  0x08000451   Thumb Code     0  libspace.o(.text)
    __user_perthread_libspace                0x08000451   Thumb Code     0  libspace.o(.text)
    _sys_exit                                0x08000459   Thumb Code     8  sys_exit.o(.text)
    __I$use$semihosting                      0x08000465   Thumb Code     0  use_no_semi.o(.text)
    __use_no_semihosting_swi                 0x08000465   Thumb Code     2  use_no_semi.o(.text)
    __semihosting_library_function           0x08000467   Thumb Code     0  indicate_semi.o(.text)
    ADC_Enable                               0x08000469   Thumb Code   154  stm32l4xx_hal_adc.o(i.ADC_Enable)
    ADXL357_GetData                          0x08000515   Thumb Code   112  adxl_357.o(i.ADXL357_GetData)
    ADXL357_ReadReg                          0x08000585   Thumb Code    10  adxl_357.o(i.ADXL357_ReadReg)
    BusFault_Handler                         0x08000595   Thumb Code     2  stm32l4xx_it.o(i.BusFault_Handler)
    Calc_Humidity_Sth25                      0x08000597   Thumb Code    32  sht25.o(i.Calc_Humidity_Sth25)
    Calc_Temperature_Sth25                   0x080005b9   Thumb Code    64  sht25.o(i.Calc_Temperature_Sth25)
    DebugMon_Handler                         0x08000611   Thumb Code     2  stm32l4xx_it.o(i.DebugMon_Handler)
    EXTI9_5_IRQHandler                       0x08000613   Thumb Code     8  exti.o(i.EXTI9_5_IRQHandler)
    Error_Handler                            0x0800061b   Thumb Code     4  main.o(i.Error_Handler)
    Get_Adc                                  0x08000621   Thumb Code    58  adc.o(i.Get_Adc)
    Get_Adc_Average                          0x08000661   Thumb Code    46  adc.o(i.Get_Adc_Average)
    HAL_ADCEx_MultiModeConfigChannel         0x08000691   Thumb Code   234  stm32l4xx_hal_adc_ex.o(i.HAL_ADCEx_MultiModeConfigChannel)
    HAL_ADC_ConfigChannel                    0x0800078d   Thumb Code   966  stm32l4xx_hal_adc.o(i.HAL_ADC_ConfigChannel)
    HAL_ADC_GetValue                         0x08000b8b   Thumb Code     6  stm32l4xx_hal_adc.o(i.HAL_ADC_GetValue)
    HAL_ADC_Init                             0x08000b91   Thumb Code   410  stm32l4xx_hal_adc.o(i.HAL_ADC_Init)
    HAL_ADC_MspInit                          0x08000d55   Thumb Code   134  adc.o(i.HAL_ADC_MspInit)
    HAL_ADC_PollForConversion                0x08000de5   Thumb Code   240  stm32l4xx_hal_adc.o(i.HAL_ADC_PollForConversion)
    HAL_ADC_Start                            0x08000ee1   Thumb Code   228  stm32l4xx_hal_adc.o(i.HAL_ADC_Start)
    HAL_DMA_Abort                            0x08000fd5   Thumb Code    74  stm32l4xx_hal_dma.o(i.HAL_DMA_Abort)
    HAL_Delay                                0x08001021   Thumb Code    32  stm32l4xx_hal.o(i.HAL_Delay)
    HAL_GPIO_EXTI_Callback                   0x08001045   Thumb Code    26  exti.o(i.HAL_GPIO_EXTI_Callback)
    HAL_GPIO_EXTI_IRQHandler                 0x08001065   Thumb Code    18  stm32l4xx_hal_gpio.o(i.HAL_GPIO_EXTI_IRQHandler)
    HAL_GPIO_Init                            0x0800107d   Thumb Code   500  stm32l4xx_hal_gpio.o(i.HAL_GPIO_Init)
    HAL_GPIO_ReadPin                         0x0800129b   Thumb Code    10  stm32l4xx_hal_gpio.o(i.HAL_GPIO_ReadPin)
    HAL_GPIO_WritePin                        0x080012a5   Thumb Code    10  stm32l4xx_hal_gpio.o(i.HAL_GPIO_WritePin)
    HAL_GetTick                              0x080012b1   Thumb Code     6  stm32l4xx_hal.o(i.HAL_GetTick)
    HAL_I2CEx_ConfigAnalogFilter             0x080012bd   Thumb Code    86  stm32l4xx_hal_i2c_ex.o(i.HAL_I2CEx_ConfigAnalogFilter)
    HAL_I2CEx_ConfigDigitalFilter            0x08001313   Thumb Code    82  stm32l4xx_hal_i2c_ex.o(i.HAL_I2CEx_ConfigDigitalFilter)
    HAL_I2C_Init                             0x08001365   Thumb Code   184  stm32l4xx_hal_i2c.o(i.HAL_I2C_Init)
    HAL_I2C_Master_Receive                   0x08001421   Thumb Code   282  stm32l4xx_hal_i2c.o(i.HAL_I2C_Master_Receive)
    HAL_I2C_Master_Transmit                  0x0800154d   Thumb Code   324  stm32l4xx_hal_i2c.o(i.HAL_I2C_Master_Transmit)
    HAL_I2C_MspInit                          0x080016a1   Thumb Code   202  i2c.o(i.HAL_I2C_MspInit)
    HAL_IncTick                              0x0800177d   Thumb Code    12  stm32l4xx_hal.o(i.HAL_IncTick)
    HAL_Init                                 0x0800178d   Thumb Code    30  stm32l4xx_hal.o(i.HAL_Init)
    HAL_InitTick                             0x080017ad   Thumb Code    58  stm32l4xx_hal.o(i.HAL_InitTick)
    HAL_MspInit                              0x080017f1   Thumb Code    38  stm32l4xx_hal_msp.o(i.HAL_MspInit)
    HAL_NVIC_EnableIRQ                       0x0800181d   Thumb Code    26  stm32l4xx_hal_cortex.o(i.HAL_NVIC_EnableIRQ)
    HAL_NVIC_SetPriority                     0x08001839   Thumb Code    60  stm32l4xx_hal_cortex.o(i.HAL_NVIC_SetPriority)
    HAL_NVIC_SetPriorityGrouping             0x08001879   Thumb Code    26  stm32l4xx_hal_cortex.o(i.HAL_NVIC_SetPriorityGrouping)
    HAL_PWREx_ControlVoltageScaling          0x0800189d   Thumb Code    90  stm32l4xx_hal_pwr_ex.o(i.HAL_PWREx_ControlVoltageScaling)
    HAL_PWREx_GetVoltageRange                0x08001905   Thumb Code    10  stm32l4xx_hal_pwr_ex.o(i.HAL_PWREx_GetVoltageRange)
    HAL_PWR_EnableBkUpAccess                 0x08001915   Thumb Code    12  stm32l4xx_hal_pwr.o(i.HAL_PWR_EnableBkUpAccess)
    HAL_QSPI_Abort                           0x08001925   Thumb Code   144  stm32l4xx_hal_qspi.o(i.HAL_QSPI_Abort)
    HAL_QSPI_Command                         0x080019b5   Thumb Code   134  stm32l4xx_hal_qspi.o(i.HAL_QSPI_Command)
    HAL_QSPI_Init                            0x08001a41   Thumb Code   150  stm32l4xx_hal_qspi.o(i.HAL_QSPI_Init)
    HAL_QSPI_MspInit                         0x08001ae1   Thumb Code   116  quadspi.o(i.HAL_QSPI_MspInit)
    HAL_QSPI_Receive                         0x08001b61   Thumb Code   196  stm32l4xx_hal_qspi.o(i.HAL_QSPI_Receive)
    HAL_QSPI_Transmit                        0x08001c2d   Thumb Code   188  stm32l4xx_hal_qspi.o(i.HAL_QSPI_Transmit)
    HAL_RCCEx_EnableMSIPLLMode               0x08001cf1   Thumb Code    12  stm32l4xx_hal_rcc_ex.o(i.HAL_RCCEx_EnableMSIPLLMode)
    HAL_RCCEx_PeriphCLKConfig                0x08001d01   Thumb Code   928  stm32l4xx_hal_rcc_ex.o(i.HAL_RCCEx_PeriphCLKConfig)
    HAL_RCC_ClockConfig                      0x080020b1   Thumb Code   304  stm32l4xx_hal_rcc.o(i.HAL_RCC_ClockConfig)
    HAL_RCC_GetPCLK1Freq                     0x080021f5   Thumb Code    24  stm32l4xx_hal_rcc.o(i.HAL_RCC_GetPCLK1Freq)
    HAL_RCC_GetPCLK2Freq                     0x08002219   Thumb Code    24  stm32l4xx_hal_rcc.o(i.HAL_RCC_GetPCLK2Freq)
    HAL_RCC_GetSysClockFreq                  0x0800223d   Thumb Code   150  stm32l4xx_hal_rcc.o(i.HAL_RCC_GetSysClockFreq)
    HAL_RCC_OscConfig                        0x080022e1   Thumb Code  1294  stm32l4xx_hal_rcc.o(i.HAL_RCC_OscConfig)
    HAL_SYSTICK_Config                       0x080027f9   Thumb Code    40  stm32l4xx_hal_cortex.o(i.HAL_SYSTICK_Config)
    HAL_TIMEx_Break2Callback                 0x08002821   Thumb Code     2  stm32l4xx_hal_tim_ex.o(i.HAL_TIMEx_Break2Callback)
    HAL_TIMEx_BreakCallback                  0x08002823   Thumb Code     2  stm32l4xx_hal_tim_ex.o(i.HAL_TIMEx_BreakCallback)
    HAL_TIMEx_CommutCallback                 0x08002825   Thumb Code     2  stm32l4xx_hal_tim_ex.o(i.HAL_TIMEx_CommutCallback)
    HAL_TIMEx_MasterConfigSynchronization    0x08002829   Thumb Code   130  stm32l4xx_hal_tim_ex.o(i.HAL_TIMEx_MasterConfigSynchronization)
    HAL_TIM_Base_Init                        0x080028c5   Thumb Code    98  stm32l4xx_hal_tim.o(i.HAL_TIM_Base_Init)
    HAL_TIM_Base_MspInit                     0x08002929   Thumb Code   158  tim.o(i.HAL_TIM_Base_MspInit)
    HAL_TIM_IC_CaptureCallback               0x080029dd   Thumb Code     2  stm32l4xx_hal_tim.o(i.HAL_TIM_IC_CaptureCallback)
    HAL_TIM_IRQHandler                       0x080029df   Thumb Code   326  stm32l4xx_hal_tim.o(i.HAL_TIM_IRQHandler)
    HAL_TIM_OC_DelayElapsedCallback          0x08002b25   Thumb Code     2  stm32l4xx_hal_tim.o(i.HAL_TIM_OC_DelayElapsedCallback)
    HAL_TIM_PWM_PulseFinishedCallback        0x08002b27   Thumb Code     2  stm32l4xx_hal_tim.o(i.HAL_TIM_PWM_PulseFinishedCallback)
    HAL_TIM_PeriodElapsedCallback            0x08002b29   Thumb Code    16  tim.o(i.HAL_TIM_PeriodElapsedCallback)
    HAL_TIM_TriggerCallback                  0x08002b41   Thumb Code     2  stm32l4xx_hal_tim.o(i.HAL_TIM_TriggerCallback)
    HAL_USART_Init                           0x08002b43   Thumb Code   178  stm32l4xx_hal_usart.o(i.HAL_USART_Init)
    HAL_USART_MspInit                        0x08002bf5   Thumb Code   116  usart.o(i.HAL_USART_MspInit)
    HardFault_Handler                        0x08002c75   Thumb Code     2  stm32l4xx_it.o(i.HardFault_Handler)
    I2C_ReadRegister                         0x08002da5   Thumb Code    66  i2c.o(i.I2C_ReadRegister)
    I2C_Start                                0x08002de9   Thumb Code    64  oled.o(i.I2C_Start)
    I2C_Stop                                 0x08002e2d   Thumb Code    46  oled.o(i.I2C_Stop)
    I2C_WaitAck                              0x08002e91   Thumb Code    52  oled.o(i.I2C_WaitAck)
    IIC_delay                                0x0800308d   Thumb Code    10  oled.o(i.IIC_delay)
    KEY_Scan                                 0x08003099   Thumb Code    38  key.o(i.KEY_Scan)
    MS5803_GetPressure                       0x08003129   Thumb Code   188  ms5803.o(i.MS5803_GetPressure)
    MS5803_Init                              0x080031e9   Thumb Code    32  ms5803.o(i.MS5803_Init)
    MS5803_ReadRawPressure                   0x08003209   Thumb Code    70  ms5803.o(i.MS5803_ReadRawPressure)
    MX_ADC1_Init                             0x08003251   Thumb Code   128  adc.o(i.MX_ADC1_Init)
    MX_GPIO_Init                             0x080032dd   Thumb Code   140  gpio.o(i.MX_GPIO_Init)
    MX_I2C1_Init                             0x08003375   Thumb Code    76  i2c.o(i.MX_I2C1_Init)
    MX_I2C2_Init                             0x080033cd   Thumb Code    76  i2c.o(i.MX_I2C2_Init)
    MX_QUADSPI_Init                          0x08003425   Thumb Code    48  quadspi.o(i.MX_QUADSPI_Init)
    MX_TIM16_Init                            0x0800345d   Thumb Code    46  tim.o(i.MX_TIM16_Init)
    MX_TIM17_Init                            0x08003495   Thumb Code    46  tim.o(i.MX_TIM17_Init)
    MX_TIM6_Init                             0x080034cd   Thumb Code    64  tim.o(i.MX_TIM6_Init)
    MX_TIM7_Init                             0x08003515   Thumb Code    62  tim.o(i.MX_TIM7_Init)
    MX_USART3_Init                           0x0800355d   Thumb Code    50  usart.o(i.MX_USART3_Init)
    MemManage_Handler                        0x08003599   Thumb Code     2  stm32l4xx_it.o(i.MemManage_Handler)
    NMI_Handler                              0x0800359b   Thumb Code     2  stm32l4xx_it.o(i.NMI_Handler)
    OLED_Clear                               0x0800359d   Thumb Code    40  oled.o(i.OLED_Clear)
    OLED_DrawPoint                           0x080035c9   Thumb Code    40  oled.o(i.OLED_DrawPoint)
    OLED_Pow                                 0x080035f5   Thumb Code    16  oled.o(i.OLED_Pow)
    OLED_Refresh                             0x08003605   Thumb Code   100  oled.o(i.OLED_Refresh)
    OLED_ShowChar                            0x0800366d   Thumb Code   212  oled.o(i.OLED_ShowChar)
    OLED_ShowChinese                         0x08003759   Thumb Code   198  oled.o(i.OLED_ShowChinese)
    OLED_ShowNum                             0x0800382f   Thumb Code   110  oled.o(i.OLED_ShowNum)
    OLED_WR_Byte                             0x080038a3   Thumb Code    54  oled.o(i.OLED_WR_Byte)
    PendSV_Handler                           0x080038d9   Thumb Code     2  stm32l4xx_it.o(i.PendSV_Handler)
    QSPI_Receive                             0x08003a39   Thumb Code    30  quadspi.o(i.QSPI_Receive)
    QSPI_Send_CMD                            0x08003a5d   Thumb Code    52  quadspi.o(i.QSPI_Send_CMD)
    QSPI_Transmit                            0x08003a95   Thumb Code    30  quadspi.o(i.QSPI_Transmit)
    SVC_Handler                              0x08003db1   Thumb Code     2  stm32l4xx_it.o(i.SVC_Handler)
    Send_Byte                                0x08003db5   Thumb Code    80  oled.o(i.Send_Byte)
    Sht25_Read                               0x08003e09   Thumb Code    30  sht25.o(i.Sht25_Read)
    Sht25_Write                              0x08003e2d   Thumb Code    32  sht25.o(i.Sht25_Write)
    SysTick_Handler                          0x08003e51   Thumb Code     4  stm32l4xx_it.o(i.SysTick_Handler)
    SystemClock_Config                       0x08003e55   Thumb Code   136  main.o(i.SystemClock_Config)
    SystemInit                               0x08003ee1   Thumb Code    12  system_stm32l4xx.o(i.SystemInit)
    TIM1_TRG_COM_TIM17_IRQHandler            0x08003ef1   Thumb Code     6  stm32l4xx_it.o(i.TIM1_TRG_COM_TIM17_IRQHandler)
    TIM1_UP_TIM16_IRQHandler                 0x08003efd   Thumb Code     6  stm32l4xx_it.o(i.TIM1_UP_TIM16_IRQHandler)
    TIM6_DAC_IRQHandler                      0x08003f09   Thumb Code     6  stm32l4xx_it.o(i.TIM6_DAC_IRQHandler)
    TIM7_IRQHandler                          0x08003f15   Thumb Code     6  stm32l4xx_it.o(i.TIM7_IRQHandler)
    TIM_Base_SetConfig                       0x08003f21   Thumb Code   160  stm32l4xx_hal_tim.o(i.TIM_Base_SetConfig)
    UsageFault_Handler                       0x08004139   Thumb Code     2  stm32l4xx_it.o(i.UsageFault_Handler)
    W25Q128_Erase_Sector                     0x0800413b   Thumb Code    42  w25q128.o(i.W25Q128_Erase_Sector)
    W25Q128_Read                             0x08004165   Thumb Code    42  w25q128.o(i.W25Q128_Read)
    W25Q128_ReadSR                           0x0800418f   Thumb Code    66  w25q128.o(i.W25Q128_ReadSR)
    W25Q128_Wait_Busy                        0x080041d1   Thumb Code    14  w25q128.o(i.W25Q128_Wait_Busy)
    W25Q128_Write                            0x080041e1   Thumb Code   152  w25q128.o(i.W25Q128_Write)
    W25Q128_Write_Enable                     0x08004283   Thumb Code    26  w25q128.o(i.W25Q128_Write_Enable)
    W25Q128_Write_NoCheck                    0x0800429d   Thumb Code    62  w25q128.o(i.W25Q128_Write_NoCheck)
    W25Q128_Write_Page                       0x080042db   Thumb Code    52  w25q128.o(i.W25Q128_Write_Page)
    displayzhuangtai0                        0x0800432f   Thumb Code   118  display.o(i.displayzhuangtai0)
    displayzhuangtai1                        0x080043a5   Thumb Code   256  display.o(i.displayzhuangtai1)
    displayzhuangtai2                        0x080044ad   Thumb Code   312  display.o(i.displayzhuangtai2)
    displayzhuangtai3                        0x080045ed   Thumb Code   304  display.o(i.displayzhuangtai3)
    gettempandhum                            0x08004729   Thumb Code   134  sht25.o(i.gettempandhum)
    main                                     0x080047b5   Thumb Code   384  main.o(i.main)
    __aeabi_d2f                              0x08004965   Thumb Code     0  d2f.o(x$fpl$d2f)
    _d2f                                     0x08004965   Thumb Code    98  d2f.o(x$fpl$d2f)
    __aeabi_dadd                             0x080049c9   Thumb Code     0  daddsub_clz.o(x$fpl$dadd)
    _dadd                                    0x080049c9   Thumb Code   332  daddsub_clz.o(x$fpl$dadd)
    __aeabi_ui2d                             0x08004b19   Thumb Code     0  dflt_clz.o(x$fpl$dfltu)
    _dfltu                                   0x08004b19   Thumb Code    38  dflt_clz.o(x$fpl$dfltu)
    __aeabi_dmul                             0x08004b41   Thumb Code     0  dmul.o(x$fpl$dmul)
    _dmul                                    0x08004b41   Thumb Code   332  dmul.o(x$fpl$dmul)
    __fpl_dnaninf                            0x08004c95   Thumb Code   156  dnaninf.o(x$fpl$dnaninf)
    __fpl_dretinf                            0x08004d31   Thumb Code    12  dretinf.o(x$fpl$dretinf)
    __aeabi_dsub                             0x08004d3d   Thumb Code     0  daddsub_clz.o(x$fpl$dsub)
    _dsub                                    0x08004d3d   Thumb Code   464  daddsub_clz.o(x$fpl$dsub)
    __aeabi_f2d                              0x08004f11   Thumb Code     0  f2d.o(x$fpl$f2d)
    _f2d                                     0x08004f11   Thumb Code    86  f2d.o(x$fpl$f2d)
    __fpl_fnaninf                            0x08004f67   Thumb Code   140  fnaninf.o(x$fpl$fnaninf)
    _fp_init                                 0x08004ff3   Thumb Code    10  fpinit.o(x$fpl$fpinit)
    __fplib_config_fpu_vfp                   0x08004ffb   Thumb Code     0  fpinit.o(x$fpl$fpinit)
    __fplib_config_pureend_doubles           0x08004ffb   Thumb Code     0  fpinit.o(x$fpl$fpinit)
    __fpl_fretinf                            0x08004ffd   Thumb Code    10  fretinf.o(x$fpl$fretinf)
    __I$use$fp                               0x08005006   Number         0  usenofp.o(x$fpl$usenofp)
    asc2_0806                                0x08005006   Data         552  oled.o(.constdata)
    asc2_1206                                0x0800522e   Data        1140  oled.o(.constdata)
    asc2_1608                                0x080056a2   Data        1520  oled.o(.constdata)
    asc2_2412                                0x08005c92   Data        3420  oled.o(.constdata)
    Hzk1                                     0x080069ee   Data         992  oled.o(.constdata)
    Hzk2                                     0x08006dce   Data          72  oled.o(.constdata)
    Hzk3                                     0x08006e16   Data         128  oled.o(.constdata)
    Hzk4                                     0x08006e96   Data         512  oled.o(.constdata)
    AHBPrescTable                            0x08007098   Data          16  system_stm32l4xx.o(.constdata)
    MSIRangeTable                            0x080070a8   Data          48  system_stm32l4xx.o(.constdata)
    APBPrescTable                            0x080070d8   Data           8  system_stm32l4xx.o(.constdata)
    Region$$Table$$Base                      0x080070e0   Number         0  anon$$obj.o(Region$$Table)
    Region$$Table$$Limit                     0x08007100   Number         0  anon$$obj.o(Region$$Table)
    adcx                                     0x20000000   Data           2  main.o(.data)
    pressure                                 0x20000004   Data           4  main.o(.data)
    temp                                     0x20000008   Data           4  main.o(.data)
    timerstate                               0x2000000c   Data           4  tim.o(.data)
    SensorData                               0x20000010   Data           8  sht25.o(.data)
    button_state                             0x20000018   Data           1  exti.o(.data)
    AccX                                     0x2000001c   Data           4  adxl_357.o(.data)
    AccY                                     0x20000020   Data           4  adxl_357.o(.data)
    AccZ                                     0x20000024   Data           4  adxl_357.o(.data)
    uwTickFreq                               0x20000028   Data           1  stm32l4xx_hal.o(.data)
    uwTickPrio                               0x2000002c   Data           4  stm32l4xx_hal.o(.data)
    uwTick                                   0x20000030   Data           4  stm32l4xx_hal.o(.data)
    SystemCoreClock                          0x20000034   Data           4  system_stm32l4xx.o(.data)
    hadc1                                    0x20000038   Data         100  adc.o(.bss)
    hi2c1                                    0x2000009c   Data          84  i2c.o(.bss)
    hi2c2                                    0x200000f0   Data          84  i2c.o(.bss)
    hqspi                                    0x20000144   Data          68  quadspi.o(.bss)
    htim6                                    0x20000188   Data          76  tim.o(.bss)
    htim7                                    0x200001d4   Data          76  tim.o(.bss)
    htim16                                   0x20000220   Data          76  tim.o(.bss)
    htim17                                   0x2000026c   Data          76  tim.o(.bss)
    husart3                                  0x200002b8   Data          80  usart.o(.bss)
    OLED_GRAM                                0x20000308   Data        1280  oled.o(.bss)
    W25Q128_BUFFER                           0x20000808   Data        4096  w25q128.o(.bss)
    __libspace_start                         0x20001808   Data          96  libspace.o(.bss)
    __temporary_stack_top$libspace           0x20001868   Data           0  libspace.o(.bss)



==============================================================================

Memory Map of the image

  Image Entry point : 0x08000189

  Load Region LR_IROM1 (Base: 0x08000000, Size: 0x00007138, Max: 0x00080000, ABSOLUTE)

    Execution Region ER_IROM1 (Exec base: 0x08000000, Load base: 0x08000000, Size: 0x00007100, Max: 0x00080000, ABSOLUTE)

    Exec Addr    Load Addr    Size         Type   Attr      Idx    E Section Name        Object

    0x08000000   0x08000000   0x00000188   Data   RO            3    RESET               startup_stm32l475xx.o
    0x08000188   0x08000188   0x00000008   Code   RO         5165  * !!!main             c_w.l(__main.o)
    0x08000190   0x08000190   0x00000034   Code   RO         5363    !!!scatter          c_w.l(__scatter.o)
    0x080001c4   0x080001c4   0x0000001a   Code   RO         5365    !!handler_copy      c_w.l(__scatter_copy.o)
    0x080001de   0x080001de   0x00000002   PAD
    0x080001e0   0x080001e0   0x0000001c   Code   RO         5367    !!handler_zi        c_w.l(__scatter_zi.o)
    0x080001fc   0x080001fc   0x00000002   Code   RO         5227    .ARM.Collect$$libinit$$00000000  c_w.l(libinit.o)
    0x080001fe   0x080001fe   0x00000004   Code   RO         5237    .ARM.Collect$$libinit$$00000001  c_w.l(libinit2.o)
    0x08000202   0x08000202   0x00000000   Code   RO         5240    .ARM.Collect$$libinit$$00000004  c_w.l(libinit2.o)
    0x08000202   0x08000202   0x00000000   Code   RO         5243    .ARM.Collect$$libinit$$0000000A  c_w.l(libinit2.o)
    0x08000202   0x08000202   0x00000000   Code   RO         5245    .ARM.Collect$$libinit$$0000000C  c_w.l(libinit2.o)
    0x08000202   0x08000202   0x00000000   Code   RO         5247    .ARM.Collect$$libinit$$0000000E  c_w.l(libinit2.o)
    0x08000202   0x08000202   0x00000000   Code   RO         5250    .ARM.Collect$$libinit$$00000011  c_w.l(libinit2.o)
    0x08000202   0x08000202   0x00000000   Code   RO         5252    .ARM.Collect$$libinit$$00000013  c_w.l(libinit2.o)
    0x08000202   0x08000202   0x00000000   Code   RO         5254    .ARM.Collect$$libinit$$00000015  c_w.l(libinit2.o)
    0x08000202   0x08000202   0x00000000   Code   RO         5256    .ARM.Collect$$libinit$$00000017  c_w.l(libinit2.o)
    0x08000202   0x08000202   0x00000000   Code   RO         5258    .ARM.Collect$$libinit$$00000019  c_w.l(libinit2.o)
    0x08000202   0x08000202   0x00000000   Code   RO         5260    .ARM.Collect$$libinit$$0000001B  c_w.l(libinit2.o)
    0x08000202   0x08000202   0x00000000   Code   RO         5262    .ARM.Collect$$libinit$$0000001D  c_w.l(libinit2.o)
    0x08000202   0x08000202   0x00000000   Code   RO         5264    .ARM.Collect$$libinit$$0000001F  c_w.l(libinit2.o)
    0x08000202   0x08000202   0x00000000   Code   RO         5266    .ARM.Collect$$libinit$$00000021  c_w.l(libinit2.o)
    0x08000202   0x08000202   0x00000000   Code   RO         5268    .ARM.Collect$$libinit$$00000023  c_w.l(libinit2.o)
    0x08000202   0x08000202   0x00000000   Code   RO         5270    .ARM.Collect$$libinit$$00000025  c_w.l(libinit2.o)
    0x08000202   0x08000202   0x00000000   Code   RO         5274    .ARM.Collect$$libinit$$0000002C  c_w.l(libinit2.o)
    0x08000202   0x08000202   0x00000000   Code   RO         5276    .ARM.Collect$$libinit$$0000002E  c_w.l(libinit2.o)
    0x08000202   0x08000202   0x00000000   Code   RO         5278    .ARM.Collect$$libinit$$00000030  c_w.l(libinit2.o)
    0x08000202   0x08000202   0x00000000   Code   RO         5280    .ARM.Collect$$libinit$$00000032  c_w.l(libinit2.o)
    0x08000202   0x08000202   0x00000002   Code   RO         5281    .ARM.Collect$$libinit$$00000033  c_w.l(libinit2.o)
    0x08000204   0x08000204   0x00000002   Code   RO         5311    .ARM.Collect$$libshutdown$$00000000  c_w.l(libshutdown.o)
    0x08000206   0x08000206   0x00000000   Code   RO         5328    .ARM.Collect$$libshutdown$$00000002  c_w.l(libshutdown2.o)
    0x08000206   0x08000206   0x00000000   Code   RO         5330    .ARM.Collect$$libshutdown$$00000004  c_w.l(libshutdown2.o)
    0x08000206   0x08000206   0x00000000   Code   RO         5332    .ARM.Collect$$libshutdown$$00000006  c_w.l(libshutdown2.o)
    0x08000206   0x08000206   0x00000000   Code   RO         5335    .ARM.Collect$$libshutdown$$00000009  c_w.l(libshutdown2.o)
    0x08000206   0x08000206   0x00000000   Code   RO         5338    .ARM.Collect$$libshutdown$$0000000C  c_w.l(libshutdown2.o)
    0x08000206   0x08000206   0x00000000   Code   RO         5340    .ARM.Collect$$libshutdown$$0000000E  c_w.l(libshutdown2.o)
    0x08000206   0x08000206   0x00000000   Code   RO         5343    .ARM.Collect$$libshutdown$$00000011  c_w.l(libshutdown2.o)
    0x08000206   0x08000206   0x00000002   Code   RO         5344    .ARM.Collect$$libshutdown$$00000012  c_w.l(libshutdown2.o)
    0x08000208   0x08000208   0x00000000   Code   RO         5185    .ARM.Collect$$rtentry$$00000000  c_w.l(__rtentry.o)
    0x08000208   0x08000208   0x00000000   Code   RO         5198    .ARM.Collect$$rtentry$$00000002  c_w.l(__rtentry2.o)
    0x08000208   0x08000208   0x00000006   Code   RO         5210    .ARM.Collect$$rtentry$$00000004  c_w.l(__rtentry4.o)
    0x0800020e   0x0800020e   0x00000000   Code   RO         5200    .ARM.Collect$$rtentry$$00000009  c_w.l(__rtentry2.o)
    0x0800020e   0x0800020e   0x00000004   Code   RO         5201    .ARM.Collect$$rtentry$$0000000A  c_w.l(__rtentry2.o)
    0x08000212   0x08000212   0x00000000   Code   RO         5203    .ARM.Collect$$rtentry$$0000000C  c_w.l(__rtentry2.o)
    0x08000212   0x08000212   0x00000008   Code   RO         5204    .ARM.Collect$$rtentry$$0000000D  c_w.l(__rtentry2.o)
    0x0800021a   0x0800021a   0x00000002   Code   RO         5231    .ARM.Collect$$rtexit$$00000000  c_w.l(rtexit.o)
    0x0800021c   0x0800021c   0x00000000   Code   RO         5283    .ARM.Collect$$rtexit$$00000002  c_w.l(rtexit2.o)
    0x0800021c   0x0800021c   0x00000004   Code   RO         5284    .ARM.Collect$$rtexit$$00000003  c_w.l(rtexit2.o)
    0x08000220   0x08000220   0x00000006   Code   RO         5285    .ARM.Collect$$rtexit$$00000004  c_w.l(rtexit2.o)
    0x08000226   0x08000226   0x00000002   PAD
    0x08000228   0x08000228   0x00000040   Code   RO            4    .text               startup_stm32l475xx.o
    0x08000268   0x08000268   0x00000048   Code   RO         5159    .text               c_w.l(llsdiv.o)
    0x080002b0   0x080002b0   0x0000004e   Code   RO         5161    .text               c_w.l(rt_memclr_w.o)
    0x080002fe   0x080002fe   0x00000006   Code   RO         5163    .text               c_w.l(heapauxi.o)
    0x08000304   0x08000304   0x000000ee   Code   RO         5186    .text               c_w.l(lludivv7m.o)
    0x080003f2   0x080003f2   0x0000004a   Code   RO         5216    .text               c_w.l(sys_stackheap_outer.o)
    0x0800043c   0x0800043c   0x00000012   Code   RO         5220    .text               c_w.l(exit.o)
    0x0800044e   0x0800044e   0x00000002   PAD
    0x08000450   0x08000450   0x00000008   Code   RO         5228    .text               c_w.l(libspace.o)
    0x08000458   0x08000458   0x0000000c   Code   RO         5299    .text               c_w.l(sys_exit.o)
    0x08000464   0x08000464   0x00000002   Code   RO         5316    .text               c_w.l(use_no_semi.o)
    0x08000466   0x08000466   0x00000000   Code   RO         5318    .text               c_w.l(indicate_semi.o)
    0x08000466   0x08000466   0x00000002   PAD
    0x08000468   0x08000468   0x000000ac   Code   RO         1176    i.ADC_Enable        stm32l4xx_hal_adc.o
    0x08000514   0x08000514   0x00000070   Code   RO         1011    i.ADXL357_GetData   adxl_357.o
    0x08000584   0x08000584   0x00000010   Code   RO         1013    i.ADXL357_ReadReg   adxl_357.o
    0x08000594   0x08000594   0x00000002   Code   RO          510    i.BusFault_Handler  stm32l4xx_it.o
    0x08000596   0x08000596   0x00000020   Code   RO          860    i.Calc_Humidity_Sth25  sht25.o
    0x080005b6   0x080005b6   0x00000002   PAD
    0x080005b8   0x080005b8   0x00000058   Code   RO          861    i.Calc_Temperature_Sth25  sht25.o
    0x08000610   0x08000610   0x00000002   Code   RO          511    i.DebugMon_Handler  stm32l4xx_it.o
    0x08000612   0x08000612   0x00000008   Code   RO          912    i.EXTI9_5_IRQHandler  exti.o
    0x0800061a   0x0800061a   0x00000004   Code   RO           13    i.Error_Handler     main.o
    0x0800061e   0x0800061e   0x00000002   PAD
    0x08000620   0x08000620   0x00000040   Code   RO          215    i.Get_Adc           adc.o
    0x08000660   0x08000660   0x0000002e   Code   RO          216    i.Get_Adc_Average   adc.o
    0x0800068e   0x0800068e   0x00000002   PAD
    0x08000690   0x08000690   0x000000fc   Code   RO         1419    i.HAL_ADCEx_MultiModeConfigChannel  stm32l4xx_hal_adc_ex.o
    0x0800078c   0x0800078c   0x000003fe   Code   RO         1178    i.HAL_ADC_ConfigChannel  stm32l4xx_hal_adc.o
    0x08000b8a   0x08000b8a   0x00000006   Code   RO         1185    i.HAL_ADC_GetValue  stm32l4xx_hal_adc.o
    0x08000b90   0x08000b90   0x000001c4   Code   RO         1187    i.HAL_ADC_Init      stm32l4xx_hal_adc.o
    0x08000d54   0x08000d54   0x00000090   Code   RO          218    i.HAL_ADC_MspInit   adc.o
    0x08000de4   0x08000de4   0x000000fc   Code   RO         1191    i.HAL_ADC_PollForConversion  stm32l4xx_hal_adc.o
    0x08000ee0   0x08000ee0   0x000000f4   Code   RO         1193    i.HAL_ADC_Start     stm32l4xx_hal_adc.o
    0x08000fd4   0x08000fd4   0x0000004a   Code   RO         2901    i.HAL_DMA_Abort     stm32l4xx_hal_dma.o
    0x0800101e   0x0800101e   0x00000002   PAD
    0x08001020   0x08001020   0x00000024   Code   RO         1615    i.HAL_Delay         stm32l4xx_hal.o
    0x08001044   0x08001044   0x00000020   Code   RO          914    i.HAL_GPIO_EXTI_Callback  exti.o
    0x08001064   0x08001064   0x00000018   Code   RO         2310    i.HAL_GPIO_EXTI_IRQHandler  stm32l4xx_hal_gpio.o
    0x0800107c   0x0800107c   0x0000021e   Code   RO         2311    i.HAL_GPIO_Init     stm32l4xx_hal_gpio.o
    0x0800129a   0x0800129a   0x0000000a   Code   RO         2313    i.HAL_GPIO_ReadPin  stm32l4xx_hal_gpio.o
    0x080012a4   0x080012a4   0x0000000a   Code   RO         2315    i.HAL_GPIO_WritePin  stm32l4xx_hal_gpio.o
    0x080012ae   0x080012ae   0x00000002   PAD
    0x080012b0   0x080012b0   0x0000000c   Code   RO         1619    i.HAL_GetTick       stm32l4xx_hal.o
    0x080012bc   0x080012bc   0x00000056   Code   RO         2846    i.HAL_I2CEx_ConfigAnalogFilter  stm32l4xx_hal_i2c_ex.o
    0x08001312   0x08001312   0x00000052   Code   RO         2847    i.HAL_I2CEx_ConfigDigitalFilter  stm32l4xx_hal_i2c_ex.o
    0x08001364   0x08001364   0x000000bc   Code   RO         2385    i.HAL_I2C_Init      stm32l4xx_hal_i2c.o
    0x08001420   0x08001420   0x0000012a   Code   RO         2391    i.HAL_I2C_Master_Receive  stm32l4xx_hal_i2c.o
    0x0800154a   0x0800154a   0x00000002   PAD
    0x0800154c   0x0800154c   0x00000152   Code   RO         2398    i.HAL_I2C_Master_Transmit  stm32l4xx_hal_i2c.o
    0x0800169e   0x0800169e   0x00000002   PAD
    0x080016a0   0x080016a0   0x000000dc   Code   RO          270    i.HAL_I2C_MspInit   i2c.o
    0x0800177c   0x0800177c   0x00000010   Code   RO         1625    i.HAL_IncTick       stm32l4xx_hal.o
    0x0800178c   0x0800178c   0x0000001e   Code   RO         1626    i.HAL_Init          stm32l4xx_hal.o
    0x080017aa   0x080017aa   0x00000002   PAD
    0x080017ac   0x080017ac   0x00000044   Code   RO         1627    i.HAL_InitTick      stm32l4xx_hal.o
    0x080017f0   0x080017f0   0x0000002c   Code   RO          610    i.HAL_MspInit       stm32l4xx_hal_msp.o
    0x0800181c   0x0800181c   0x0000001a   Code   RO         3384    i.HAL_NVIC_EnableIRQ  stm32l4xx_hal_cortex.o
    0x08001836   0x08001836   0x00000002   PAD
    0x08001838   0x08001838   0x00000040   Code   RO         3390    i.HAL_NVIC_SetPriority  stm32l4xx_hal_cortex.o
    0x08001878   0x08001878   0x00000024   Code   RO         3391    i.HAL_NVIC_SetPriorityGrouping  stm32l4xx_hal_cortex.o
    0x0800189c   0x0800189c   0x00000068   Code   RO         3128    i.HAL_PWREx_ControlVoltageScaling  stm32l4xx_hal_pwr_ex.o
    0x08001904   0x08001904   0x00000010   Code   RO         3159    i.HAL_PWREx_GetVoltageRange  stm32l4xx_hal_pwr_ex.o
    0x08001914   0x08001914   0x00000010   Code   RO         3020    i.HAL_PWR_EnableBkUpAccess  stm32l4xx_hal_pwr.o
    0x08001924   0x08001924   0x00000090   Code   RO         3586    i.HAL_QSPI_Abort    stm32l4xx_hal_qspi.o
    0x080019b4   0x080019b4   0x0000008c   Code   RO         3592    i.HAL_QSPI_Command  stm32l4xx_hal_qspi.o
    0x08001a40   0x08001a40   0x000000a0   Code   RO         3601    i.HAL_QSPI_Init     stm32l4xx_hal_qspi.o
    0x08001ae0   0x08001ae0   0x00000080   Code   RO          336    i.HAL_QSPI_MspInit  quadspi.o
    0x08001b60   0x08001b60   0x000000ca   Code   RO         3605    i.HAL_QSPI_Receive  stm32l4xx_hal_qspi.o
    0x08001c2a   0x08001c2a   0x00000002   PAD
    0x08001c2c   0x08001c2c   0x000000c2   Code   RO         3614    i.HAL_QSPI_Transmit  stm32l4xx_hal_qspi.o
    0x08001cee   0x08001cee   0x00000002   PAD
    0x08001cf0   0x08001cf0   0x00000010   Code   RO         1957    i.HAL_RCCEx_EnableMSIPLLMode  stm32l4xx_hal_rcc_ex.o
    0x08001d00   0x08001d00   0x000003ae   Code   RO         1964    i.HAL_RCCEx_PeriphCLKConfig  stm32l4xx_hal_rcc_ex.o
    0x080020ae   0x080020ae   0x00000002   PAD
    0x080020b0   0x080020b0   0x00000144   Code   RO         1843    i.HAL_RCC_ClockConfig  stm32l4xx_hal_rcc.o
    0x080021f4   0x080021f4   0x00000024   Code   RO         1849    i.HAL_RCC_GetPCLK1Freq  stm32l4xx_hal_rcc.o
    0x08002218   0x08002218   0x00000024   Code   RO         1850    i.HAL_RCC_GetPCLK2Freq  stm32l4xx_hal_rcc.o
    0x0800223c   0x0800223c   0x000000a4   Code   RO         1852    i.HAL_RCC_GetSysClockFreq  stm32l4xx_hal_rcc.o
    0x080022e0   0x080022e0   0x00000518   Code   RO         1855    i.HAL_RCC_OscConfig  stm32l4xx_hal_rcc.o
    0x080027f8   0x080027f8   0x00000028   Code   RO         3395    i.HAL_SYSTICK_Config  stm32l4xx_hal_cortex.o
    0x08002820   0x08002820   0x00000002   Code   RO         4558    i.HAL_TIMEx_Break2Callback  stm32l4xx_hal_tim_ex.o
    0x08002822   0x08002822   0x00000002   Code   RO         4559    i.HAL_TIMEx_BreakCallback  stm32l4xx_hal_tim_ex.o
    0x08002824   0x08002824   0x00000002   Code   RO         4560    i.HAL_TIMEx_CommutCallback  stm32l4xx_hal_tim_ex.o
    0x08002826   0x08002826   0x00000002   PAD
    0x08002828   0x08002828   0x0000009c   Code   RO         4580    i.HAL_TIMEx_MasterConfigSynchronization  stm32l4xx_hal_tim_ex.o
    0x080028c4   0x080028c4   0x00000062   Code   RO         3844    i.HAL_TIM_Base_Init  stm32l4xx_hal_tim.o
    0x08002926   0x08002926   0x00000002   PAD
    0x08002928   0x08002928   0x000000b4   Code   RO          396    i.HAL_TIM_Base_MspInit  tim.o
    0x080029dc   0x080029dc   0x00000002   Code   RO         3878    i.HAL_TIM_IC_CaptureCallback  stm32l4xx_hal_tim.o
    0x080029de   0x080029de   0x00000146   Code   RO         3892    i.HAL_TIM_IRQHandler  stm32l4xx_hal_tim.o
    0x08002b24   0x08002b24   0x00000002   Code   RO         3895    i.HAL_TIM_OC_DelayElapsedCallback  stm32l4xx_hal_tim.o
    0x08002b26   0x08002b26   0x00000002   Code   RO         3922    i.HAL_TIM_PWM_PulseFinishedCallback  stm32l4xx_hal_tim.o
    0x08002b28   0x08002b28   0x00000018   Code   RO          397    i.HAL_TIM_PeriodElapsedCallback  tim.o
    0x08002b40   0x08002b40   0x00000002   Code   RO         3935    i.HAL_TIM_TriggerCallback  stm32l4xx_hal_tim.o
    0x08002b42   0x08002b42   0x000000b2   Code   RO         4854    i.HAL_USART_Init    stm32l4xx_hal_usart.o
    0x08002bf4   0x08002bf4   0x00000080   Code   RO          469    i.HAL_USART_MspInit  usart.o
    0x08002c74   0x08002c74   0x00000002   Code   RO          512    i.HardFault_Handler  stm32l4xx_it.o
    0x08002c76   0x08002c76   0x00000022   Code   RO         2432    i.I2C_Flush_TXDR    stm32l4xx_hal_i2c.o
    0x08002c98   0x08002c98   0x0000010c   Code   RO         2440    i.I2C_IsErrorOccurred  stm32l4xx_hal_i2c.o
    0x08002da4   0x08002da4   0x00000042   Code   RO          271    i.I2C_ReadRegister  i2c.o
    0x08002de6   0x08002de6   0x00000002   PAD
    0x08002de8   0x08002de8   0x00000044   Code   RO          700    i.I2C_Start         oled.o
    0x08002e2c   0x08002e2c   0x00000034   Code   RO          701    i.I2C_Stop          oled.o
    0x08002e60   0x08002e60   0x00000030   Code   RO         2449    i.I2C_TransferConfig  stm32l4xx_hal_i2c.o
    0x08002e90   0x08002e90   0x00000038   Code   RO          702    i.I2C_WaitAck       oled.o
    0x08002ec8   0x08002ec8   0x0000006c   Code   RO         2451    i.I2C_WaitOnFlagUntilTimeout  stm32l4xx_hal_i2c.o
    0x08002f34   0x08002f34   0x000000a8   Code   RO         2452    i.I2C_WaitOnRXNEFlagUntilTimeout  stm32l4xx_hal_i2c.o
    0x08002fdc   0x08002fdc   0x00000056   Code   RO         2453    i.I2C_WaitOnSTOPFlagUntilTimeout  stm32l4xx_hal_i2c.o
    0x08003032   0x08003032   0x0000005a   Code   RO         2454    i.I2C_WaitOnTXISFlagUntilTimeout  stm32l4xx_hal_i2c.o
    0x0800308c   0x0800308c   0x0000000a   Code   RO          703    i.IIC_delay         oled.o
    0x08003096   0x08003096   0x00000002   PAD
    0x08003098   0x08003098   0x0000002c   Code   RO          673    i.KEY_Scan          key.o
    0x080030c4   0x080030c4   0x0000000c   Code   RO         1200    i.LL_ADC_GetOffsetChannel  stm32l4xx_hal_adc.o
    0x080030d0   0x080030d0   0x00000008   Code   RO         1201    i.LL_ADC_INJ_IsConversionOngoing  stm32l4xx_hal_adc.o
    0x080030d8   0x080030d8   0x00000008   Code   RO         1202    i.LL_ADC_REG_IsConversionOngoing  stm32l4xx_hal_adc.o
    0x080030e0   0x080030e0   0x00000008   Code   RO         1429    i.LL_ADC_REG_IsConversionOngoing  stm32l4xx_hal_adc_ex.o
    0x080030e8   0x080030e8   0x00000010   Code   RO         1203    i.LL_ADC_REG_IsTriggerSourceSWStart  stm32l4xx_hal_adc.o
    0x080030f8   0x080030f8   0x0000001e   Code   RO         1205    i.LL_ADC_SetChannelSamplingTime  stm32l4xx_hal_adc.o
    0x08003116   0x08003116   0x00000010   Code   RO         1206    i.LL_ADC_SetOffsetState  stm32l4xx_hal_adc.o
    0x08003126   0x08003126   0x00000002   PAD
    0x08003128   0x08003128   0x000000c0   Code   RO          634    i.MS5803_GetPressure  ms5803.o
    0x080031e8   0x080031e8   0x00000020   Code   RO          635    i.MS5803_Init       ms5803.o
    0x08003208   0x08003208   0x00000046   Code   RO          636    i.MS5803_ReadRawPressure  ms5803.o
    0x0800324e   0x0800324e   0x00000002   PAD
    0x08003250   0x08003250   0x0000008c   Code   RO          219    i.MX_ADC1_Init      adc.o
    0x080032dc   0x080032dc   0x00000098   Code   RO          191    i.MX_GPIO_Init      gpio.o
    0x08003374   0x08003374   0x00000058   Code   RO          274    i.MX_I2C1_Init      i2c.o
    0x080033cc   0x080033cc   0x00000058   Code   RO          275    i.MX_I2C2_Init      i2c.o
    0x08003424   0x08003424   0x00000038   Code   RO          337    i.MX_QUADSPI_Init   quadspi.o
    0x0800345c   0x0800345c   0x00000038   Code   RO          398    i.MX_TIM16_Init     tim.o
    0x08003494   0x08003494   0x00000038   Code   RO          399    i.MX_TIM17_Init     tim.o
    0x080034cc   0x080034cc   0x00000048   Code   RO          400    i.MX_TIM6_Init      tim.o
    0x08003514   0x08003514   0x00000048   Code   RO          401    i.MX_TIM7_Init      tim.o
    0x0800355c   0x0800355c   0x0000003c   Code   RO          470    i.MX_USART3_Init    usart.o
    0x08003598   0x08003598   0x00000002   Code   RO          513    i.MemManage_Handler  stm32l4xx_it.o
    0x0800359a   0x0800359a   0x00000002   Code   RO          514    i.NMI_Handler       stm32l4xx_it.o
    0x0800359c   0x0800359c   0x0000002c   Code   RO          704    i.OLED_Clear        oled.o
    0x080035c8   0x080035c8   0x0000002c   Code   RO          710    i.OLED_DrawPoint    oled.o
    0x080035f4   0x080035f4   0x00000010   Code   RO          712    i.OLED_Pow          oled.o
    0x08003604   0x08003604   0x00000068   Code   RO          713    i.OLED_Refresh      oled.o
    0x0800366c   0x0800366c   0x000000ea   Code   RO          715    i.OLED_ShowChar     oled.o
    0x08003756   0x08003756   0x00000002   PAD
    0x08003758   0x08003758   0x000000d6   Code   RO          716    i.OLED_ShowChinese  oled.o
    0x0800382e   0x0800382e   0x00000074   Code   RO          717    i.OLED_ShowNum      oled.o
    0x080038a2   0x080038a2   0x00000036   Code   RO          720    i.OLED_WR_Byte      oled.o
    0x080038d8   0x080038d8   0x00000002   Code   RO          515    i.PendSV_Handler    stm32l4xx_it.o
    0x080038da   0x080038da   0x0000015e   Code   RO         3619    i.QSPI_Config       stm32l4xx_hal_qspi.o
    0x08003a38   0x08003a38   0x00000024   Code   RO          338    i.QSPI_Receive      quadspi.o
    0x08003a5c   0x08003a5c   0x00000038   Code   RO          339    i.QSPI_Send_CMD     quadspi.o
    0x08003a94   0x08003a94   0x00000024   Code   RO          340    i.QSPI_Transmit     quadspi.o
    0x08003ab8   0x08003ab8   0x00000048   Code   RO         3626    i.QSPI_WaitFlagStateUntilTimeout  stm32l4xx_hal_qspi.o
    0x08003b00   0x08003b00   0x0000012c   Code   RO         1968    i.RCCEx_PLLSAI1_Config  stm32l4xx_hal_rcc_ex.o
    0x08003c2c   0x08003c2c   0x00000108   Code   RO         1969    i.RCCEx_PLLSAI2_Config  stm32l4xx_hal_rcc_ex.o
    0x08003d34   0x08003d34   0x0000007c   Code   RO         1856    i.RCC_SetFlashLatencyFromMSIRange  stm32l4xx_hal_rcc.o
    0x08003db0   0x08003db0   0x00000002   Code   RO          516    i.SVC_Handler       stm32l4xx_it.o
    0x08003db2   0x08003db2   0x00000002   PAD
    0x08003db4   0x08003db4   0x00000054   Code   RO          721    i.Send_Byte         oled.o
    0x08003e08   0x08003e08   0x00000024   Code   RO          862    i.Sht25_Read        sht25.o
    0x08003e2c   0x08003e2c   0x00000024   Code   RO          863    i.Sht25_Write       sht25.o
    0x08003e50   0x08003e50   0x00000004   Code   RO          517    i.SysTick_Handler   stm32l4xx_it.o
    0x08003e54   0x08003e54   0x0000008c   Code   RO           14    i.SystemClock_Config  main.o
    0x08003ee0   0x08003ee0   0x00000010   Code   RO         5123    i.SystemInit        system_stm32l4xx.o
    0x08003ef0   0x08003ef0   0x0000000c   Code   RO          518    i.TIM1_TRG_COM_TIM17_IRQHandler  stm32l4xx_it.o
    0x08003efc   0x08003efc   0x0000000c   Code   RO          519    i.TIM1_UP_TIM16_IRQHandler  stm32l4xx_it.o
    0x08003f08   0x08003f08   0x0000000c   Code   RO          520    i.TIM6_DAC_IRQHandler  stm32l4xx_it.o
    0x08003f14   0x08003f14   0x0000000c   Code   RO          521    i.TIM7_IRQHandler   stm32l4xx_it.o
    0x08003f20   0x08003f20   0x000000c0   Code   RO         3937    i.TIM_Base_SetConfig  stm32l4xx_hal_tim.o
    0x08003fe0   0x08003fe0   0x0000010c   Code   RO         4882    i.USART_SetConfig   stm32l4xx_hal_usart.o
    0x080040ec   0x080040ec   0x0000004c   Code   RO         4885    i.USART_WaitOnFlagUntilTimeout  stm32l4xx_hal_usart.o
    0x08004138   0x08004138   0x00000002   Code   RO          522    i.UsageFault_Handler  stm32l4xx_it.o
    0x0800413a   0x0800413a   0x0000002a   Code   RO         1070    i.W25Q128_Erase_Sector  w25q128.o
    0x08004164   0x08004164   0x0000002a   Code   RO         1072    i.W25Q128_Read      w25q128.o
    0x0800418e   0x0800418e   0x00000042   Code   RO         1074    i.W25Q128_ReadSR    w25q128.o
    0x080041d0   0x080041d0   0x0000000e   Code   RO         1075    i.W25Q128_Wait_Busy  w25q128.o
    0x080041de   0x080041de   0x00000002   PAD
    0x080041e0   0x080041e0   0x000000a2   Code   RO         1076    i.W25Q128_Write     w25q128.o
    0x08004282   0x08004282   0x0000001a   Code   RO         1078    i.W25Q128_Write_Enable  w25q128.o
    0x0800429c   0x0800429c   0x0000003e   Code   RO         1079    i.W25Q128_Write_NoCheck  w25q128.o
    0x080042da   0x080042da   0x00000034   Code   RO         1080    i.W25Q128_Write_Page  w25q128.o
    0x0800430e   0x0800430e   0x00000020   Code   RO         3397    i.__NVIC_SetPriority  stm32l4xx_hal_cortex.o
    0x0800432e   0x0800432e   0x00000076   Code   RO          954    i.displayzhuangtai0  display.o
    0x080043a4   0x080043a4   0x00000108   Code   RO          955    i.displayzhuangtai1  display.o
    0x080044ac   0x080044ac   0x00000140   Code   RO          956    i.displayzhuangtai2  display.o
    0x080045ec   0x080045ec   0x0000013c   Code   RO          957    i.displayzhuangtai3  display.o
    0x08004728   0x08004728   0x0000008c   Code   RO          864    i.gettempandhum     sht25.o
    0x080047b4   0x080047b4   0x000001b0   Code   RO           15    i.main              main.o
    0x08004964   0x08004964   0x00000062   Code   RO         5167    x$fpl$d2f           fz_wm.l(d2f.o)
    0x080049c6   0x080049c6   0x00000002   PAD
    0x080049c8   0x080049c8   0x00000150   Code   RO         5169    x$fpl$dadd          fz_wm.l(daddsub_clz.o)
    0x08004b18   0x08004b18   0x00000026   Code   RO         5175    x$fpl$dfltu         fz_wm.l(dflt_clz.o)
    0x08004b3e   0x08004b3e   0x00000002   PAD
    0x08004b40   0x08004b40   0x00000154   Code   RO         5181    x$fpl$dmul          fz_wm.l(dmul.o)
    0x08004c94   0x08004c94   0x0000009c   Code   RO         5188    x$fpl$dnaninf       fz_wm.l(dnaninf.o)
    0x08004d30   0x08004d30   0x0000000c   Code   RO         5190    x$fpl$dretinf       fz_wm.l(dretinf.o)
    0x08004d3c   0x08004d3c   0x000001d4   Code   RO         5171    x$fpl$dsub          fz_wm.l(daddsub_clz.o)
    0x08004f10   0x08004f10   0x00000056   Code   RO         5183    x$fpl$f2d           fz_wm.l(f2d.o)
    0x08004f66   0x08004f66   0x0000008c   Code   RO         5192    x$fpl$fnaninf       fz_wm.l(fnaninf.o)
    0x08004ff2   0x08004ff2   0x0000000a   Code   RO         5297    x$fpl$fpinit        fz_wm.l(fpinit.o)
    0x08004ffc   0x08004ffc   0x0000000a   Code   RO         5194    x$fpl$fretinf       fz_wm.l(fretinf.o)
    0x08005006   0x08005006   0x00000000   Code   RO         5196    x$fpl$usenofp       fz_wm.l(usenofp.o)
    0x08005006   0x08005006   0x00002090   Data   RO          723    .constdata          oled.o
    0x08007096   0x08007096   0x00000002   PAD
    0x08007098   0x08007098   0x00000040   Data   RO         5124    .constdata          system_stm32l4xx.o
    0x080070d8   0x080070d8   0x00000008   Data   RO         5125    .constdata          system_stm32l4xx.o
    0x080070e0   0x080070e0   0x00000020   Data   RO         5361    Region$$Table       anon$$obj.o


    Execution Region RW_IRAM2 (Exec base: 0x10000000, Load base: 0x08007138, Size: 0x00000000, Max: 0x00008000, ABSOLUTE)

    **** No section assigned to this execution region ****


    Execution Region RW_IRAM1 (Exec base: 0x20000000, Load base: 0x08007100, Size: 0x00001e68, Max: 0x00018000, ABSOLUTE)

    Exec Addr    Load Addr    Size         Type   Attr      Idx    E Section Name        Object

    0x20000000   0x08007100   0x0000000c   Data   RW           16    .data               main.o
    0x2000000c   0x0800710c   0x00000004   Data   RW          404    .data               tim.o
    0x20000010   0x08007110   0x00000008   Data   RW          865    .data               sht25.o
    0x20000018   0x08007118   0x00000001   Data   RW          915    .data               exti.o
    0x20000019   0x08007119   0x00000003   PAD
    0x2000001c   0x0800711c   0x00000004   Data   RW         1016    .data               adxl_357.o
    0x20000020   0x08007120   0x00000004   Data   RW         1017    .data               adxl_357.o
    0x20000024   0x08007124   0x00000004   Data   RW         1018    .data               adxl_357.o
    0x20000028   0x08007128   0x0000000c   Data   RW         1643    .data               stm32l4xx_hal.o
    0x20000034   0x08007134   0x00000004   Data   RW         5126    .data               system_stm32l4xx.o
    0x20000038        -       0x00000064   Zero   RW          220    .bss                adc.o
    0x2000009c        -       0x000000a8   Zero   RW          276    .bss                i2c.o
    0x20000144        -       0x00000044   Zero   RW          341    .bss                quadspi.o
    0x20000188        -       0x00000130   Zero   RW          403    .bss                tim.o
    0x200002b8        -       0x00000050   Zero   RW          471    .bss                usart.o
    0x20000308        -       0x00000500   Zero   RW          722    .bss                oled.o
    0x20000808        -       0x00001000   Zero   RW         1082    .bss                w25q128.o
    0x20001808        -       0x00000060   Zero   RW         5229    .bss                c_w.l(libspace.o)
    0x20001868        -       0x00000200   Zero   RW            2    HEAP                startup_stm32l475xx.o
    0x20001a68        -       0x00000400   Zero   RW            1    STACK               startup_stm32l475xx.o


==============================================================================

Image component sizes


      Code (inc. data)   RO Data    RW Data    ZI Data      Debug   Object Name

       394         28          0          0        100       3217   adc.o
       128          6          0         12          0       1997   adxl_357.o
      1018         28          0          0          0       2432   display.o
        40          6          0          1          0       1185   exti.o
       152         12          0          0          0        979   gpio.o
       462         42          0          0        168       3309   i2c.o
        44          6          0          0          0        547   key.o
       576         52          0         12          0     873939   main.o
       294          4          0          0          0       2136   ms5803.o
      1096         56       8336          0       1280       9860   oled.o
       312         36          0          0         68       3776   quadspi.o
       332         40          0          8          0       3951   sht25.o
        64         26        392          0       1536        860   startup_stm32l475xx.o
       162         24          0         12          0      14513   stm32l4xx_hal.o
      2238        138          0          0          0      70155   stm32l4xx_hal_adc.o
       260         18          0          0          0      60159   stm32l4xx_hal_adc_ex.o
       198         14          0          0          0      33939   stm32l4xx_hal_cortex.o
        74          0          0          0          0       1096   stm32l4xx_hal_dma.o
       586         42          0          0          0       3722   stm32l4xx_hal_gpio.o
      1626         36          0          0          0      11858   stm32l4xx_hal_i2c.o
       168          0          0          0          0       1959   stm32l4xx_hal_i2c_ex.o
        44          6          0          0          0        882   stm32l4xx_hal_msp.o
        16          4          0          0          0        563   stm32l4xx_hal_pwr.o
       120         20          0          0          0       1398   stm32l4xx_hal_pwr_ex.o
      1262         10          0          0          0       7933   stm32l4xx_hal_qspi.o
      1988         98          0          0          0       7036   stm32l4xx_hal_rcc.o
      1522         48          0          0          0       4685   stm32l4xx_hal_rcc_ex.o
       624         32          0          0          0       6417   stm32l4xx_hal_tim.o
       162         26          0          0          0       3188   stm32l4xx_hal_tim_ex.o
       522         26          0          0          0       3693   stm32l4xx_hal_usart.o
        68         24          0          0          0       6281   stm32l4xx_it.o
        16          4         72          4          0       1233   system_stm32l4xx.o
       460         68          0          4        304       4168   tim.o
       188         22          0          0         80       1819   usart.o
       466          4          0          0       4096       5690   w25q128.o

    ----------------------------------------------------------------------
     17724       1006       8834         56       7632    1160575   Object Totals
         0          0         32          0          0          0   (incl. Generated)
        42          0          2          3          0          0   (incl. Padding)

    ----------------------------------------------------------------------

      Code (inc. data)   RO Data    RW Data    ZI Data      Debug   Library Member Name

         8          0          0          0          0         68   __main.o
         0          0          0          0          0          0   __rtentry.o
        12          0          0          0          0          0   __rtentry2.o
         6          0          0          0          0          0   __rtentry4.o
        52          8          0          0          0          0   __scatter.o
        26          0          0          0          0          0   __scatter_copy.o
        28          0          0          0          0          0   __scatter_zi.o
        18          0          0          0          0         80   exit.o
         6          0          0          0          0        152   heapauxi.o
         0          0          0          0          0          0   indicate_semi.o
         2          0          0          0          0          0   libinit.o
         6          0          0          0          0          0   libinit2.o
         2          0          0          0          0          0   libshutdown.o
         2          0          0          0          0          0   libshutdown2.o
         8          4          0          0         96         68   libspace.o
        72          0          0          0          0         76   llsdiv.o
       238          0          0          0          0        100   lludivv7m.o
        78          0          0          0          0         80   rt_memclr_w.o
         2          0          0          0          0          0   rtexit.o
        10          0          0          0          0          0   rtexit2.o
        12          4          0          0          0         68   sys_exit.o
        74          0          0          0          0         80   sys_stackheap_outer.o
         2          0          0          0          0         68   use_no_semi.o
        98          4          0          0          0        140   d2f.o
       804         16          0          0          0        368   daddsub_clz.o
        38          0          0          0          0        116   dflt_clz.o
       340         12          0          0          0        152   dmul.o
       156          4          0          0          0        140   dnaninf.o
        12          0          0          0          0        116   dretinf.o
        86          4          0          0          0        132   f2d.o
       140          4          0          0          0        132   fnaninf.o
        10          0          0          0          0        116   fpinit.o
        10          0          0          0          0        116   fretinf.o
         0          0          0          0          0          0   usenofp.o

    ----------------------------------------------------------------------
      2370         60          0          0         96       2368   Library Totals
        12          0          0          0          0          0   (incl. Padding)

    ----------------------------------------------------------------------

      Code (inc. data)   RO Data    RW Data    ZI Data      Debug   Library Name

       664         16          0          0         96        840   c_w.l
      1694         44          0          0          0       1528   fz_wm.l

    ----------------------------------------------------------------------
      2370         60          0          0         96       2368   Library Totals

    ----------------------------------------------------------------------

==============================================================================


      Code (inc. data)   RO Data    RW Data    ZI Data      Debug   

     20094       1066       8834         56       7728    1147231   Grand Totals
     20094       1066       8834         56       7728    1147231   ELF Image Totals
     20094       1066       8834         56          0          0   ROM Totals

==============================================================================

    Total RO  Size (Code + RO Data)                28928 (  28.25kB)
    Total RW  Size (RW Data + ZI Data)              7784 (   7.60kB)
    Total ROM Size (Code + RO Data + RW Data)      28984 (  28.30kB)

==============================================================================

