<html>
<body>
<pre>
<h1>礦ision Build Log</h1>
<h2>Tool Versions:</h2>
IDE-Version: μVision V5.38.0.0
Copyright (C) 2022 ARM Ltd and ARM Germany GmbH. All rights reserved.
License Information: Chan Forest, qust, LIC=CUUR6-XU492-I9WG5-UXUFP-RM735-GP9TJ
 
Tool Versions:
Toolchain:       MDK-ARM Community  Version: 5.39.0.0
Toolchain Path:  D:\Keil_v5\ARM\compiler\Bin
C Compiler:      Armcc.exe V5.06 update 7 (build 960)
Assembler:       Armasm.exe V5.06 update 7 (build 960)
Linker/Locator:  ArmLink.exe V5.06 update 7 (build 960)
Library Manager: ArmAr.exe V5.06 update 7 (build 960)
Hex Converter:   FromElf.exe V5.06 update 7 (build 960)
CPU DLL:         SARMCM3.DLL V5.39.0.0
Dialog DLL:      DCM.DLL V1.17.5.0
Target DLL:      STLink\ST-LINKIII-KEIL_SWO.dll V3.2.0.0
Dialog DLL:      TCM.DLL V1.56.4.0
 
<h2>Project:</h2>
C:\Users\cl680\Desktop\detecter1\detecter1\detecter2\MDK-ARM\detecter2.uvprojx
Project File Date:  12/07/2023

<h2>Output:</h2>
*** Using Compiler 'V5.06 update 7 (build 960)', folder: 'D:\Keil_v5\ARM\compiler\Bin'
Rebuild target 'detecter2'
assembling startup_stm32l475xx.s...
compiling tim.c...
compiling ADXL_357.c...
ADXL_357.h(14): warning:  #1-D: last line of file ends without a newline
  #endif
ADXL_357.c: 1 warning, 0 errors
compiling stm32l4xx_it.c...
compiling stm32l4xx_hal_msp.c...
compiling quadspi.c...
compiling sht25.c...
sht25.c(68): warning:  #1035-D: single-precision operand implicitly converted to double-precision
      temperature -= 46.85;
sht25.c(89): warning:  #177-D: variable "string_temp"  was declared but never referenced
      uint8_t string_temp[30];
sht25.c(169): warning:  #1-D: last line of file ends without a newline
  	
sht25.c: 3 warnings, 0 errors
compiling i2c.c...
compiling key.c...
key.h(12): warning:  #1-D: last line of file ends without a newline
  #endif
key.c(12): warning:  #940-D: missing return statement at end of non-void function "KEY_Scan" 
  }
key.c: 2 warnings, 0 errors
compiling usart.c...
compiling main.c...
../Core/Src/main.c(126): warning:  #223-D: function "KEY_Scan" declared implicitly
  	KEY_Scan(0);
../Core/Src/main.c(127): warning:  #223-D: function "MS5803_Init" declared implicitly
  	MS5803_Init(&hi2c1);
../Core/Src/main.c(142): warning:  #1035-D: single-precision operand implicitly converted to double-precision
  if(temp<2.5)	
../Core/Src/main.c(145): warning:  #223-D: function "OLED_Clear" declared implicitly
  				OLED_Clear();//切屏
../Core/Src/main.c(146): warning:  #223-D: function "OLED_ShowNum" declared implicitly
          OLED_ShowNum(42, 20, adcx, 1, 16, 0); 	//显示电压值的整数部分，3.1111的话，这里就是显示3
../Core/Src/main.c(159): warning:  #223-D: function "displayzhuangtai0" declared implicitly
  			displayzhuangtai0();//进入界面
../Core/Src/main.c(164): warning:  #223-D: function "displayzhuangtai1" declared implicitly
  		displayzhuangtai1();//实时显示状态
../Core/Src/main.c(169): warning:  #223-D: function "displayzhuangtai2" declared implicitly
  		displayzhuangtai2();//巡检状态
../Core/Src/main.c(170): warning:  #223-D: function "gettempandhum" declared implicitly
  		gettempandhum( &SensorData)	;
../Core/Src/main.c(172): warning:  #223-D: function "W25Q128_Write_Enable" declared implicitly
  		W25Q128_Write_Enable();//存储使能
../Core/Src/main.c(173): warning:  #223-D: function "W25Q128_Write" declared implicitly
  		W25Q128_Write(&AccX,0x0000,4);//存入实时x轴加速度
../Core/Src/main.c(187): warning:  #223-D: function "displayzhuangtai3" declared implicitly
  		displayzhuangtai3();//查看冲击值
../Core/Src/main.c: 12 warnings, 0 errors
compiling exti.c...
key.h(12): warning:  #1-D: last line of file ends without a newline
  #endif
exti.c(45): warning:  #1-D: last line of file ends without a newline
  }
exti.c: 2 warnings, 0 errors
compiling display.c...
display.h(15): warning:  #1-D: last line of file ends without a newline
  #endif
ms5803.h(16): warning:  #1-D: last line of file ends without a newline
  #endif
ADXL_357.h(14): warning:  #1-D: last line of file ends without a newline
  #endif
display.c(78): warning:  #177-D: variable "setAccZ"  was declared but never referenced
  uint16_t setAccZ=9;		
display.c: 4 warnings, 0 errors
compiling adc.c...
compiling ms5803.c...
MS5803.h(16): warning:  #1-D: last line of file ends without a newline
  #endif
ms5803.c(46): warning:  #1-D: last line of file ends without a newline
  }
ms5803.c(38): warning:  #177-D: variable "TEMP"  was declared but never referenced
    int32_t TEMP = 2000 + ((int64_t)dT * 1000 / 8388608); // Calculate temperature
ms5803.c: 3 warnings, 0 errors
compiling oled.c...
oled.c(549): warning:  #1-D: last line of file ends without a newline
  }
oled.c: 1 warning, 0 errors
compiling W25Q128.c...
W25Q128.h(18): warning:  #1-D: last line of file ends without a newline
  #endif
W25Q128_reg.h(33): warning:  #1-D: last line of file ends without a newline
  #endif
W25Q128.c: 2 warnings, 0 errors
compiling gpio.c...
compiling stm32l4xx_hal_rcc.c...
compiling stm32l4xx_hal_i2c_ex.c...
compiling stm32l4xx_hal_dma.c...
compiling stm32l4xx_hal.c...
compiling stm32l4xx_hal_flash_ramfunc.c...
compiling stm32l4xx_hal_adc_ex.c...
compiling stm32l4xx_hal_pwr.c...
compiling stm32l4xx_hal_flash_ex.c...
compiling stm32l4xx_hal_adc.c...
compiling stm32l4xx_hal_rcc_ex.c...
compiling stm32l4xx_hal_flash.c...
compiling stm32l4xx_hal_pwr_ex.c...
compiling stm32l4xx_hal_gpio.c...
compiling stm32l4xx_hal_dma_ex.c...
compiling stm32l4xx_hal_i2c.c...
compiling stm32l4xx_hal_exti.c...
compiling stm32l4xx_hal_cortex.c...
compiling stm32l4xx_hal_usart_ex.c...
compiling stm32l4xx_hal_qspi.c...
compiling system_stm32l4xx.c...
compiling stm32l4xx_hal_usart.c...
compiling stm32l4xx_hal_tim_ex.c...
compiling stm32l4xx_hal_tim.c...
linking...
Program Size: Code=20094 RO-data=8834 RW-data=56 ZI-data=7728  
FromELF: creating hex file...
"detecter2\detecter2.axf" - 0 Error(s), 30 Warning(s).

<h2>Software Packages used:</h2>

Package Vendor: ARM
                http://www.keil.com/pack/ARM.CMSIS.5.9.0.pack
                ARM.CMSIS.5.9.0
                CMSIS (Common Microcontroller Software Interface Standard)
   * Component: CORE Version: 5.6.0

Package Vendor: Keil
                https://www.keil.com/pack/Keil.STM32L4xx_DFP.2.6.2.pack
                Keil.STM32L4xx_DFP.2.6.2
                STMicroelectronics STM32L4 Series Device Support, Drivers and Examples

<h2>Collection of Component include folders:</h2>
  ./RTE/_detecter2
  D:/Users/cl680/AppData/Local/Arm/Packs/ARM/CMSIS/5.9.0/CMSIS/Core/Include
  D:/Users/cl680/AppData/Local/Arm/Packs/Keil/STM32L4xx_DFP/2.6.2/Drivers/CMSIS/Device/ST/STM32L4xx/Include

<h2>Collection of Component Files used:</h2>

   * Component: ARM::CMSIS:CORE:5.6.0
      Include file:  CMSIS/Core/Include/tz_context.h
Build Time Elapsed:  00:00:30
</pre>
</body>
</html>
